Archive member included to satisfy reference by file (symbol)

d:/toolchain_supports/arm-gnu-toolchain-12.2.mpacbti-rel1-mingw-w64-i686-arm-none-eabi/bin/../lib/gcc/arm-none-eabi/12.2.1/thumb/v7-m/nofp\libgcc.a(_arm_mulsf3.o)
                              CMakeFiles/FOC-DRV8323.elf.dir/Core/Src/main.c.obj (__aeabi_fmul)
d:/toolchain_supports/arm-gnu-toolchain-12.2.mpacbti-rel1-mingw-w64-i686-arm-none-eabi/bin/../lib/gcc/arm-none-eabi/12.2.1/thumb/v7-m/nofp\libgcc.a(_arm_addsubdf3.o)
                              CMakeFiles/FOC-DRV8323.elf.dir/Hardware/foc_ctrl.c.obj (__aeabi_dadd)
d:/toolchain_supports/arm-gnu-toolchain-12.2.mpacbti-rel1-mingw-w64-i686-arm-none-eabi/bin/../lib/gcc/arm-none-eabi/12.2.1/thumb/v7-m/nofp\libgcc.a(_arm_truncdfsf2.o)
                              CMakeFiles/FOC-DRV8323.elf.dir/Hardware/foc_ctrl.c.obj (__aeabi_d2f)
d:/toolchain_supports/arm-gnu-toolchain-12.2.mpacbti-rel1-mingw-w64-i686-arm-none-eabi/bin/../lib/gcc/arm-none-eabi/12.2.1/thumb/v7-m/nofp\libgcc.a(_arm_addsubsf3.o)
                              CMakeFiles/FOC-DRV8323.elf.dir/Hardware/foc_ctrl.c.obj (__aeabi_fsub)
d:/toolchain_supports/arm-gnu-toolchain-12.2.mpacbti-rel1-mingw-w64-i686-arm-none-eabi/bin/../lib/gcc/arm-none-eabi/12.2.1/thumb/v7-m/nofp\libgcc.a(_arm_muldivsf3.o)
                              CMakeFiles/FOC-DRV8323.elf.dir/Core/Src/main.c.obj (__aeabi_fdiv)
d:/toolchain_supports/arm-gnu-toolchain-12.2.mpacbti-rel1-mingw-w64-i686-arm-none-eabi/bin/../lib/gcc/arm-none-eabi/12.2.1/thumb/v7-m/nofp\libgcc.a(_arm_cmpsf2.o)
                              CMakeFiles/FOC-DRV8323.elf.dir/Hardware/foc_ctrl.c.obj (__aeabi_fcmplt)
d:/toolchain_supports/arm-gnu-toolchain-12.2.mpacbti-rel1-mingw-w64-i686-arm-none-eabi/bin/../lib/gcc/arm-none-eabi/12.2.1/thumb/v7-m/nofp\libgcc.a(_arm_fixunssfsi.o)
                              CMakeFiles/FOC-DRV8323.elf.dir/Hardware/foc_ctrl.c.obj (__aeabi_f2uiz)
d:/toolchain_supports/arm-gnu-toolchain-12.2.mpacbti-rel1-mingw-w64-i686-arm-none-eabi/bin/../lib/gcc/arm-none-eabi/12.2.1/thumb/v7-m/nofp\libg.a(libc_a-exit.o)
                              d:/toolchain_supports/arm-gnu-toolchain-12.2.mpacbti-rel1-mingw-w64-i686-arm-none-eabi/bin/../lib/gcc/arm-none-eabi/12.2.1/thumb/v7-m/nofp/crt0.o (exit)
d:/toolchain_supports/arm-gnu-toolchain-12.2.mpacbti-rel1-mingw-w64-i686-arm-none-eabi/bin/../lib/gcc/arm-none-eabi/12.2.1/thumb/v7-m/nofp\libg.a(libc_a-findfp.o)
                              d:/toolchain_supports/arm-gnu-toolchain-12.2.mpacbti-rel1-mingw-w64-i686-arm-none-eabi/bin/../lib/gcc/arm-none-eabi/12.2.1/thumb/v7-m/nofp\libg.a(libc_a-exit.o) (__stdio_exit_handler)
d:/toolchain_supports/arm-gnu-toolchain-12.2.mpacbti-rel1-mingw-w64-i686-arm-none-eabi/bin/../lib/gcc/arm-none-eabi/12.2.1/thumb/v7-m/nofp\libg.a(libc_a-fwalk.o)
                              d:/toolchain_supports/arm-gnu-toolchain-12.2.mpacbti-rel1-mingw-w64-i686-arm-none-eabi/bin/../lib/gcc/arm-none-eabi/12.2.1/thumb/v7-m/nofp\libg.a(libc_a-findfp.o) (_fwalk_sglue)
d:/toolchain_supports/arm-gnu-toolchain-12.2.mpacbti-rel1-mingw-w64-i686-arm-none-eabi/bin/../lib/gcc/arm-none-eabi/12.2.1/thumb/v7-m/nofp\libg.a(libc_a-stdio.o)
                              d:/toolchain_supports/arm-gnu-toolchain-12.2.mpacbti-rel1-mingw-w64-i686-arm-none-eabi/bin/../lib/gcc/arm-none-eabi/12.2.1/thumb/v7-m/nofp\libg.a(libc_a-findfp.o) (__sread)
d:/toolchain_supports/arm-gnu-toolchain-12.2.mpacbti-rel1-mingw-w64-i686-arm-none-eabi/bin/../lib/gcc/arm-none-eabi/12.2.1/thumb/v7-m/nofp\libg.a(libc_a-memset.o)
                              d:/toolchain_supports/arm-gnu-toolchain-12.2.mpacbti-rel1-mingw-w64-i686-arm-none-eabi/bin/../lib/gcc/arm-none-eabi/12.2.1/thumb/v7-m/nofp/crt0.o (memset)
d:/toolchain_supports/arm-gnu-toolchain-12.2.mpacbti-rel1-mingw-w64-i686-arm-none-eabi/bin/../lib/gcc/arm-none-eabi/12.2.1/thumb/v7-m/nofp\libg.a(libc_a-closer.o)
                              d:/toolchain_supports/arm-gnu-toolchain-12.2.mpacbti-rel1-mingw-w64-i686-arm-none-eabi/bin/../lib/gcc/arm-none-eabi/12.2.1/thumb/v7-m/nofp\libg.a(libc_a-stdio.o) (_close_r)
d:/toolchain_supports/arm-gnu-toolchain-12.2.mpacbti-rel1-mingw-w64-i686-arm-none-eabi/bin/../lib/gcc/arm-none-eabi/12.2.1/thumb/v7-m/nofp\libg.a(libc_a-reent.o)
                              d:/toolchain_supports/arm-gnu-toolchain-12.2.mpacbti-rel1-mingw-w64-i686-arm-none-eabi/bin/../lib/gcc/arm-none-eabi/12.2.1/thumb/v7-m/nofp\libg.a(libc_a-closer.o) (errno)
d:/toolchain_supports/arm-gnu-toolchain-12.2.mpacbti-rel1-mingw-w64-i686-arm-none-eabi/bin/../lib/gcc/arm-none-eabi/12.2.1/thumb/v7-m/nofp\libg.a(libc_a-impure.o)
                              d:/toolchain_supports/arm-gnu-toolchain-12.2.mpacbti-rel1-mingw-w64-i686-arm-none-eabi/bin/../lib/gcc/arm-none-eabi/12.2.1/thumb/v7-m/nofp\libg.a(libc_a-reent.o) (_impure_ptr)
d:/toolchain_supports/arm-gnu-toolchain-12.2.mpacbti-rel1-mingw-w64-i686-arm-none-eabi/bin/../lib/gcc/arm-none-eabi/12.2.1/thumb/v7-m/nofp\libg.a(libc_a-lseekr.o)
[...]
Memory Configuration

Name             Origin             Length             Attributes
RAM              0x20000000         0x00005000         xrw
FLASH            0x08000000         0x00010000         xr
*default*        0x00000000         0xffffffff

Linker script and memory map

LOAD d:/toolchain_supports/arm-gnu-toolchain-12.2.mpacbti-rel1-mingw-w64-i686-arm-none-eabi/bin/../lib/gcc/arm-none-eabi/12.2.1/thumb/v7-m/nofp/crti.o
LOAD d:/toolchain_supports/arm-gnu-toolchain-12.2.mpacbti-rel1-mingw-w64-i686-arm-none-eabi/bin/../lib/gcc/arm-none-eabi/12.2.1/thumb/v7-m/nofp/crtbegin.o
LOAD d:/toolchain_supports/arm-gnu-toolchain-12.2.mpacbti-rel1-mingw-w64-i686-arm-none-eabi/bin/../lib/gcc/arm-none-eabi/12.2.1/thumb/v7-m/nofp/crt0.o
LOAD CMakeFiles/FOC-DRV8323.elf.dir/Core/Src/adc.c.obj
LOAD CMakeFiles/FOC-DRV8323.elf.dir/Core/Src/dma.c.obj
LOAD CMakeFiles/FOC-DRV8323.elf.dir/Core/Src/gpio.c.obj
LOAD CMakeFiles/FOC-DRV8323.elf.dir/Core/Src/i2c.c.obj
LOAD CMakeFiles/FOC-DRV8323.elf.dir/Core/Src/main.c.obj
LOAD CMakeFiles/FOC-DRV8323.elf.dir/Core/Src/stm32f1xx_hal_msp.c.obj
LOAD CMakeFiles/FOC-DRV8323.elf.dir/Core/Src/stm32f1xx_it.c.obj
LOAD CMakeFiles/FOC-DRV8323.elf.dir/Core/Src/syscalls.c.obj
LOAD CMakeFiles/FOC-DRV8323.elf.dir/Core/Src/sysmem.c.obj
LOAD CMakeFiles/FOC-DRV8323.elf.dir/Core/Src/system_stm32f1xx.c.obj
LOAD CMakeFiles/FOC-DRV8323.elf.dir/Core/Src/tim.c.obj
LOAD CMakeFiles/FOC-DRV8323.elf.dir/Core/Src/usart.c.obj
LOAD CMakeFiles/FOC-DRV8323.elf.dir/Core/Startup/startup_stm32f103c8tx.s.obj
LOAD CMakeFiles/FOC-DRV8323.elf.dir/Drivers/STM32F1xx_HAL_Driver/Src/stm32f1xx_hal.c.obj
LOAD CMakeFiles/FOC-DRV8323.elf.dir/Drivers/STM32F1xx_HAL_Driver/Src/stm32f1xx_hal_adc.c.obj
LOAD CMakeFiles/FOC-DRV8323.elf.dir/Drivers/STM32F1xx_HAL_Driver/Src/stm32f1xx_hal_adc_ex.c.obj
LOAD CMakeFiles/FOC-DRV8323.elf.dir/Drivers/STM32F1xx_HAL_Driver/Src/stm32f1xx_hal_cortex.c.obj
LOAD CMakeFiles/FOC-DRV8323.elf.dir/Drivers/STM32F1xx_HAL_Driver/Src/stm32f1xx_hal_dma.c.obj
LOAD CMakeFiles/FOC-DRV8323.elf.dir/Drivers/STM32F1xx_HAL_Driver/Src/stm32f1xx_hal_exti.c.obj
LOAD CMakeFiles/FOC-DRV8323.elf.dir/Drivers/STM32F1xx_HAL_Driver/Src/stm32f1xx_hal_flash.c.obj
LOAD CMakeFiles/FOC-DRV8323.elf.dir/Drivers/STM32F1xx_HAL_Driver/Src/stm32f1xx_hal_flash_ex.c.obj
LOAD CMakeFiles/FOC-DRV8323.elf.dir/Drivers/STM32F1xx_HAL_Driver/Src/stm32f1xx_hal_gpio.c.obj
LOAD CMakeFiles/FOC-DRV8323.elf.dir/Drivers/STM32F1xx_HAL_Driver/Src/stm32f1xx_hal_gpio_ex.c.obj
LOAD CMakeFiles/FOC-DRV8323.elf.dir/Drivers/STM32F1xx_HAL_Driver/Src/stm32f1xx_hal_i2c.c.obj
LOAD CMakeFiles/FOC-DRV8323.elf.dir/Drivers/STM32F1xx_HAL_Driver/Src/stm32f1xx_hal_pwr.c.obj
LOAD CMakeFiles/FOC-DRV8323.elf.dir/Drivers/STM32F1xx_HAL_Driver/Src/stm32f1xx_hal_rcc.c.obj
LOAD CMakeFiles/FOC-DRV8323.elf.dir/Drivers/STM32F1xx_HAL_Driver/Src/stm32f1xx_hal_rcc_ex.c.obj
LOAD CMakeFiles/FOC-DRV8323.elf.dir/Drivers/STM32F1xx_HAL_Driver/Src/stm32f1xx_hal_tim.c.obj
LOAD CMakeFiles/FOC-DRV8323.elf.dir/Drivers/STM32F1xx_HAL_Driver/Src/stm32f1xx_hal_tim_ex.c.obj
LOAD CMakeFiles/FOC-DRV8323.elf.dir/Drivers/STM32F1xx_HAL_Driver/Src/stm32f1xx_hal_uart.c.obj
LOAD CMakeFiles/FOC-DRV8323.elf.dir/Hardware/AS5600.c.obj
LOAD CMakeFiles/FOC-DRV8323.elf.dir/Hardware/drv8323.c.obj
LOAD CMakeFiles/FOC-DRV8323.elf.dir/Hardware/foc_ctrl.c.obj
LOAD CMakeFiles/FOC-DRV8323.elf.dir/Hardware/pid.c.obj
START GROUP
LOAD d:/toolchain_supports/arm-gnu-toolchain-12.2.mpacbti-rel1-mingw-w64-i686-arm-none-eabi/bin/../lib/gcc/arm-none-eabi/12.2.1/thumb/v7-m/nofp\libgcc.a
LOAD d:/toolchain_supports/arm-gnu-toolchain-12.2.mpacbti-rel1-mingw-w64-i686-arm-none-eabi/bin/../lib/gcc/arm-none-eabi/12.2.1/thumb/v7-m/nofp\libg.a
LOAD d:/toolchain_supports/arm-gnu-toolchain-12.2.mpacbti-rel1-mingw-w64-i686-arm-none-eabi/bin/../lib/gcc/arm-none-eabi/12.2.1/thumb/v7-m/nofp\libc.a
END GROUP
LOAD d:/toolchain_supports/arm-gnu-toolchain-12.2.mpacbti-rel1-mingw-w64-i686-arm-none-eabi/bin/../lib/gcc/arm-none-eabi/12.2.1/thumb/v7-m/nofp/crtend.o
LOAD d:/toolchain_supports/arm-gnu-toolchain-12.2.mpacbti-rel1-mingw-w64-i686-arm-none-eabi/bin/../lib/gcc/arm-none-eabi/12.2.1/thumb/v7-m/nofp/crtn.o
                0x20005000                        _estack = (ORIGIN (RAM) + LENGTH (RAM))
                0x00000200                        _Min_Heap_Size = 0x200
                0x00000400                        _Min_Stack_Size = 0x400

.isr_vector     0x08000000      0x10c
                0x08000000                        . = ALIGN (0x4)
 *(.isr_vector)
 .isr_vector    0x08000000      0x10c CMakeFiles/FOC-DRV8323.elf.dir/Core/Startup/startup_stm32f103c8tx.s.obj
                0x08000000                g_pfnVectors
                0x0800010c                        . = ALIGN (0x4)

.text           0x08000110     0x53b0
                0x08000110                        . = ALIGN (0x4)
 *(.text)
 .text          0x08000110      0x378 d:/toolchain_supports/arm-gnu-toolchain-12.2.mpacbti-rel1-mingw-w64-i686-arm-none-eabi/bin/../lib/gcc/arm-none-eabi/12.2.1/thumb/v7-m/nofp\libgcc.a(_arm_addsubdf3.o)
                0x08000110                __aeabi_drsub
                0x08000118                __aeabi_dsub
                0x08000118                __subdf3
                0x0800011c                __aeabi_dadd
                0x0800011c                __adddf3
                0x08000394                __floatunsidf
                0x08000394                __aeabi_ui2d
                0x080003b4                __floatsidf
                0x080003b4                __aeabi_i2d
                0x080003d8                __aeabi_f2d
                0x080003d8                __extendsfdf2
                0x0800041c                __floatundidf
                0x0800041c                __aeabi_ul2d
                0x0800042c                __floatdidf
                0x0800042c                __aeabi_l2d
 .text          0x08000488       0xa0 d:/toolchain_supports/arm-gnu-toolchain-12.2.mpacbti-rel1-mingw-w64-i686-arm-none-eabi/bin/../lib/gcc/arm-none-eabi/12.2.1/thumb/v7-m/nofp\libgcc.a(_arm_truncdfsf2.o)
                0x08000488                __truncdfsf2
                0x08000488                __aeabi_d2f
 .text          0x08000528      0x21c d:/toolchain_supports/arm-gnu-toolchain-12.2.mpacbti-rel1-mingw-w64-i686-arm-none-eabi/bin/../lib/gcc/arm-none-eabi/12.2.1/thumb/v7-m/nofp\libgcc.a(_arm_addsubsf3.o)
                0x08000528                __aeabi_frsub
                0x08000530                __subsf3
                0x08000530                __aeabi_fsub
                0x08000534                __aeabi_fadd
                0x08000534                __addsf3
                0x08000694                __aeabi_ui2f
                0x08000694                __floatunsisf
                0x0800069c                __aeabi_i2f
                0x0800069c                __floatsisf
                0x080006b8                __aeabi_ul2f
                0x080006b8                __floatundisf
                0x080006c8                __aeabi_l2f
                0x080006c8                __floatdisf
 .text          0x08000744      0x2a0 d:/toolchain_supports/arm-gnu-toolchain-12.2.mpacbti-rel1-mingw-w64-i686-arm-none-eabi/bin/../lib/gcc/arm-none-eabi/12.2.1/thumb/v7-m/nofp\libgcc.a(_arm_muldivsf3.o)
                0x08000744                __mulsf3
                0x08000744                __aeabi_fmul
                0x080008ac                __aeabi_fdiv
                0x080008ac                __divsf3
 .text          0x080009e4       0xec d:/toolchain_supports/arm-gnu-toolchain-12.2.mpacbti-rel1-mingw-w64-i686-arm-none-eabi/bin/../lib/gcc/arm-none-eabi/12.2.1/thumb/v7-m/nofp\libgcc.a(_arm_cmpsf2.o)
                0x080009e4                __gesf2
                0x080009e4                __gtsf2
                0x080009ec                __lesf2
                0x080009ec                __ltsf2
                0x080009f4                __nesf2
                0x080009f4                __eqsf2
                0x080009f4                __cmpsf2
                0x08000a54                __aeabi_cfrcmple
                0x08000a5c                __aeabi_cfcmpeq
                0x08000a5c                __aeabi_cfcmple
                0x08000a6c                __aeabi_fcmpeq
                0x08000a80                __aeabi_fcmplt
                0x08000a94                __aeabi_fcmple
                0x08000aa8                __aeabi_fcmpge
                0x08000abc                __aeabi_fcmpgt
 .text          0x08000ad0       0x40 d:/toolchain_supports/arm-gnu-toolchain-12.2.mpacbti-rel1-mingw-w64-i686-arm-none-eabi/bin/../lib/gcc/arm-none-eabi/12.2.1/thumb/v7-m/nofp\libgcc.a(_arm_fixunssfsi.o)
                0x08000ad0                __fixunssfsi
                0x08000ad0                __aeabi_f2uiz
 .text          0x08000b10      0x254 d:/toolchain_supports/arm-gnu-toolchain-12.2.mpacbti-rel1-mingw-w64-i686-arm-none-eabi/bin/../lib/gcc/arm-none-eabi/12.2.1/thumb/v7-m/nofp\libgcc.a(_arm_muldf3.o)
                0x08000b10                __muldf3
                0x08000b10                __aeabi_dmul
 .text          0x08000d64      0x110 d:/toolchain_supports/arm-gnu-toolchain-12.2.mpacbti-rel1-mingw-w64-i686-arm-none-eabi/bin/../lib/gcc/arm-none-eabi/12.2.1/thumb/v7-m/nofp\libgcc.a(_arm_cmpdf2.o)
                0x08000d64                __gtdf2
                0x08000d64                __gedf2
                0x08000d6c                __ltdf2
                0x08000d6c                __ledf2
                0x08000d74                __nedf2
                0x08000d74                __eqdf2
                0x08000d74                __cmpdf2
                0x08000df0                __aeabi_cdrcmple
                0x08000e00                __aeabi_cdcmpeq
                0x08000e00                __aeabi_cdcmple
                0x08000e10                __aeabi_dcmpeq
                0x08000e24                __aeabi_dcmplt
                0x08000e38                __aeabi_dcmple
                0x08000e4c                __aeabi_dcmpge
                0x08000e60                __aeabi_dcmpgt
 .text          0x08000e74       0x50 d:/toolchain_supports/arm-gnu-toolchain-12.2.mpacbti-rel1-mingw-w64-i686-arm-none-eabi/bin/../lib/gcc/arm-none-eabi/12.2.1/thumb/v7-m/nofp\libgcc.a(_arm_fixdfsi.o)
                0x08000e74                __aeabi_d2iz
                0x08000e74                __fixdfsi
 *(.text*)
 .text.deregister_tm_clones
                0x08000ec4       0x1c d:/toolchain_supports/arm-gnu-toolchain-12.2.mpacbti-rel1-mingw-w64-i686-arm-none-eabi/bin/../lib/gcc/arm-none-eabi/12.2.1/thumb/v7-m/nofp/crtbegin.o
 .text.register_tm_clones
                0x08000ee0       0x24 d:/toolchain_supports/arm-gnu-toolchain-12.2.mpacbti-rel1-mingw-w64-i686-arm-none-eabi/bin/../lib/gcc/arm-none-eabi/12.2.1/thumb/v7-m/nofp/crtbegin.o
 .text.__do_global_dtors_aux
                0x08000f04       0x28 d:/toolchain_supports/arm-gnu-toolchain-12.2.mpacbti-rel1-mingw-w64-i686-arm-none-eabi/bin/../lib/gcc/arm-none-eabi/12.2.1/thumb/v7-m/nofp/crtbegin.o
 .text.frame_dummy
                0x08000f2c       0x24 d:/toolchain_supports/arm-gnu-toolchain-12.2.mpacbti-rel1-mingw-w64-i686-arm-none-eabi/bin/../lib/gcc/arm-none-eabi/12.2.1/thumb/v7-m/nofp/crtbegin.o
 .text.MX_ADC1_Init
                0x08000f50       0x74 CMakeFiles/FOC-DRV8323.elf.dir/Core/Src/adc.c.obj
                0x08000f50                MX_ADC1_Init
 .text.HAL_ADC_MspInit
                0x08000fc4       0x98 CMakeFiles/FOC-DRV8323.elf.dir/Core/Src/adc.c.obj
                0x08000fc4                HAL_ADC_MspInit
 .text.MX_DMA_Init
                0x0800105c       0x34 CMakeFiles/FOC-DRV8323.elf.dir/Core/Src/dma.c.obj
                0x0800105c                MX_DMA_Init
 .text.MX_GPIO_Init
                0x08001090       0x74 CMakeFiles/FOC-DRV8323.elf.dir/Core/Src/gpio.c.obj
                0x08001090                MX_GPIO_Init
 .text.MX_I2C1_Init
                0x08001104       0x3c CMakeFiles/FOC-DRV8323.elf.dir/Core/Src/i2c.c.obj
                0x08001104                MX_I2C1_Init
 .text.HAL_I2C_MspInit
                0x08001140       0x64 CMakeFiles/FOC-DRV8323.elf.dir/Core/Src/i2c.c.obj
                0x08001140                HAL_I2C_MspInit
 .text.Error_Handler
                0x080011a4        0x4 CMakeFiles/FOC-DRV8323.elf.dir/Core/Src/main.c.obj
                0x080011a4                Error_Handler
 .text.SystemClock_Config
                0x080011a8       0x84 CMakeFiles/FOC-DRV8323.elf.dir/Core/Src/main.c.obj
                0x080011a8                SystemClock_Config
 .text.main     0x0800122c       0xd4 CMakeFiles/FOC-DRV8323.elf.dir/Core/Src/main.c.obj
                0x0800122c                main
 .text.HAL_MspInit
                0x08001300       0x44 CMakeFiles/FOC-DRV8323.elf.dir/Core/Src/stm32f1xx_hal_msp.c.obj
                0x08001300                HAL_MspInit
 .text.NMI_Handler
                0x08001344        0x2 CMakeFiles/FOC-DRV8323.elf.dir/Core/Src/stm32f1xx_it.c.obj
                0x08001344                NMI_Handler
 .text.HardFault_Handler
                0x08001346        0x2 CMakeFiles/FOC-DRV8323.elf.dir/Core/Src/stm32f1xx_it.c.obj
                0x08001346                HardFault_Handler
 .text.MemManage_Handler
                0x08001348        0x2 CMakeFiles/FOC-DRV8323.elf.dir/Core/Src/stm32f1xx_it.c.obj
                0x08001348                MemManage_Handler
 .text.BusFault_Handler
                0x0800134a        0x2 CMakeFiles/FOC-DRV8323.elf.dir/Core/Src/stm32f1xx_it.c.obj
                0x0800134a                BusFault_Handler
 .text.UsageFault_Handler
                0x0800134c        0x2 CMakeFiles/FOC-DRV8323.elf.dir/Core/Src/stm32f1xx_it.c.obj
                0x0800134c                UsageFault_Handler
 .text.SVC_Handler
                0x0800134e        0x2 CMakeFiles/FOC-DRV8323.elf.dir/Core/Src/stm32f1xx_it.c.obj
                0x0800134e                SVC_Handler
 .text.DebugMon_Handler
                0x08001350        0x2 CMakeFiles/FOC-DRV8323.elf.dir/Core/Src/stm32f1xx_it.c.obj
                0x08001350                DebugMon_Handler
 .text.PendSV_Handler
                0x08001352        0x2 CMakeFiles/FOC-DRV8323.elf.dir/Core/Src/stm32f1xx_it.c.obj
                0x08001352                PendSV_Handler
 .text.SysTick_Handler
                0x08001354        0x8 CMakeFiles/FOC-DRV8323.elf.dir/Core/Src/stm32f1xx_it.c.obj
                0x08001354                SysTick_Handler
 .text.DMA1_Channel1_IRQHandler
                0x0800135c       0x10 CMakeFiles/FOC-DRV8323.elf.dir/Core/Src/stm32f1xx_it.c.obj
                0x0800135c                DMA1_Channel1_IRQHandler
 .text.TIM3_IRQHandler
                0x0800136c       0x10 CMakeFiles/FOC-DRV8323.elf.dir/Core/Src/stm32f1xx_it.c.obj
                0x0800136c                TIM3_IRQHandler
 .text.SystemInit
                0x0800137c        0x2 CMakeFiles/FOC-DRV8323.elf.dir/Core/Src/system_stm32f1xx.c.obj
                0x0800137c                SystemInit
 *fill*         0x0800137e        0x2 
 .text.MX_TIM3_Init
                0x08001380       0x70 CMakeFiles/FOC-DRV8323.elf.dir/Core/Src/tim.c.obj
                0x08001380                MX_TIM3_Init
 .text.HAL_TIM_Base_MspInit
                0x080013f0       0x60 CMakeFiles/FOC-DRV8323.elf.dir/Core/Src/tim.c.obj
                0x080013f0                HAL_TIM_Base_MspInit
 .text.HAL_TIM_MspPostInit
                0x08001450       0x84 CMakeFiles/FOC-DRV8323.elf.dir/Core/Src/tim.c.obj
                0x08001450                HAL_TIM_MspPostInit
 .text.MX_TIM2_Init
                0x080014d4       0xe8 CMakeFiles/FOC-DRV8323.elf.dir/Core/Src/tim.c.obj
                0x080014d4                MX_TIM2_Init
 .text.MX_USART1_UART_Init
                0x080015bc       0x34 CMakeFiles/FOC-DRV8323.elf.dir/Core/Src/usart.c.obj
                0x080015bc                MX_USART1_UART_Init
 .text.HAL_UART_MspInit
                0x080015f0       0x78 CMakeFiles/FOC-DRV8323.elf.dir/Core/Src/usart.c.obj
                0x080015f0                HAL_UART_MspInit
 .text.Reset_Handler
                0x08001668       0x48 CMakeFiles/FOC-DRV8323.elf.dir/Core/Startup/startup_stm32f103c8tx.s.obj
                0x08001668                Reset_Handler
 .text.Default_Handler
                0x080016b0        0x2 CMakeFiles/FOC-DRV8323.elf.dir/Core/Startup/startup_stm32f103c8tx.s.obj
                0x080016b0                RTC_Alarm_IRQHandler
                0x080016b0                EXTI2_IRQHandler
                0x080016b0                TIM1_CC_IRQHandler
                0x080016b0                PVD_IRQHandler
                0x080016b0                EXTI3_IRQHandler
                0x080016b0                EXTI0_IRQHandler
                0x080016b0                I2C2_EV_IRQHandler
                0x080016b0                ADC1_2_IRQHandler
                0x080016b0                SPI1_IRQHandler
                0x080016b0                TAMPER_IRQHandler
                0x080016b0                DMA1_Channel4_IRQHandler
                0x080016b0                USART3_IRQHandler
                0x080016b0                RTC_IRQHandler
                0x080016b0                DMA1_Channel7_IRQHandler
                0x080016b0                CAN1_RX1_IRQHandler
                0x080016b0                TIM4_IRQHandler
                0x080016b0                I2C1_EV_IRQHandler
                0x080016b0                DMA1_Channel6_IRQHandler
                0x080016b0                RCC_IRQHandler
                0x080016b0                TIM1_TRG_COM_IRQHandler
                0x080016b0                Default_Handler
                0x080016b0                EXTI15_10_IRQHandler
                0x080016b0                EXTI9_5_IRQHandler
                0x080016b0                SPI2_IRQHandler
                0x080016b0                DMA1_Channel5_IRQHandler
                0x080016b0                EXTI4_IRQHandler
                0x080016b0                USB_LP_CAN1_RX0_IRQHandler
                0x080016b0                USB_HP_CAN1_TX_IRQHandler
                0x080016b0                DMA1_Channel3_IRQHandler
                0x080016b0                TIM1_UP_IRQHandler
                0x080016b0                WWDG_IRQHandler
                0x080016b0                TIM2_IRQHandler
                0x080016b0                TIM1_BRK_IRQHandler
                0x080016b0                EXTI1_IRQHandler
                0x080016b0                USART2_IRQHandler
                0x080016b0                I2C2_ER_IRQHandler
                0x080016b0                DMA1_Channel2_IRQHandler
                0x080016b0                CAN1_SCE_IRQHandler
                0x080016b0                FLASH_IRQHandler
                0x080016b0                USART1_IRQHandler
                0x080016b0                I2C1_ER_IRQHandler
                0x080016b0                USBWakeUp_IRQHandler
 *fill*         0x080016b2        0x2 
 .text.HAL_InitTick
                0x080016b4       0x4c CMakeFiles/FOC-DRV8323.elf.dir/Drivers/STM32F1xx_HAL_Driver/Src/stm32f1xx_hal.c.obj
                0x080016b4                HAL_InitTick
 .text.HAL_Init
                0x08001700       0x24 CMakeFiles/FOC-DRV8323.elf.dir/Drivers/STM32F1xx_HAL_Driver/Src/stm32f1xx_hal.c.obj
                0x08001700                HAL_Init
 .text.HAL_IncTick
                0x08001724       0x18 CMakeFiles/FOC-DRV8323.elf.dir/Drivers/STM32F1xx_HAL_Driver/Src/stm32f1xx_hal.c.obj
                0x08001724                HAL_IncTick
 .text.HAL_GetTick
                0x0800173c        0xc CMakeFiles/FOC-DRV8323.elf.dir/Drivers/STM32F1xx_HAL_Driver/Src/stm32f1xx_hal.c.obj
                0x0800173c                HAL_GetTick
 .text.HAL_Delay
                0x08001748       0x28 CMakeFiles/FOC-DRV8323.elf.dir/Drivers/STM32F1xx_HAL_Driver/Src/stm32f1xx_hal.c.obj
                0x08001748                HAL_Delay
 .text.HAL_ADC_ConfigChannel
                0x08001770      0x140 CMakeFiles/FOC-DRV8323.elf.dir/Drivers/STM32F1xx_HAL_Driver/Src/stm32f1xx_hal_adc.c.obj
                0x08001770                HAL_ADC_ConfigChannel
 .text.ADC_ConversionStop_Disable
                0x080018b0       0x56 CMakeFiles/FOC-DRV8323.elf.dir/Drivers/STM32F1xx_HAL_Driver/Src/stm32f1xx_hal_adc.c.obj
                0x080018b0                ADC_ConversionStop_Disable
 *fill*         0x08001906        0x2 
 .text.HAL_ADC_Init
                0x08001908      0x108 CMakeFiles/FOC-DRV8323.elf.dir/Drivers/STM32F1xx_HAL_Driver/Src/stm32f1xx_hal_adc.c.obj
                0x08001908                HAL_ADC_Init
 .text.__NVIC_SetPriority
                0x08001a10       0x28 CMakeFiles/FOC-DRV8323.elf.dir/Drivers/STM32F1xx_HAL_Driver/Src/stm32f1xx_hal_cortex.c.obj
 .text.NVIC_EncodePriority
                0x08001a38       0x3e CMakeFiles/FOC-DRV8323.elf.dir/Drivers/STM32F1xx_HAL_Driver/Src/stm32f1xx_hal_cortex.c.obj
 *fill*         0x08001a76        0x2 
 .text.HAL_NVIC_SetPriorityGrouping
                0x08001a78       0x24 CMakeFiles/FOC-DRV8323.elf.dir/Drivers/STM32F1xx_HAL_Driver/Src/stm32f1xx_hal_cortex.c.obj
                0x08001a78                HAL_NVIC_SetPriorityGrouping
 .text.HAL_NVIC_SetPriority
                0x08001a9c       0x20 CMakeFiles/FOC-DRV8323.elf.dir/Drivers/STM32F1xx_HAL_Driver/Src/stm32f1xx_hal_cortex.c.obj
                0x08001a9c                HAL_NVIC_SetPriority
 .text.HAL_NVIC_EnableIRQ
                0x08001abc       0x1c CMakeFiles/FOC-DRV8323.elf.dir/Drivers/STM32F1xx_HAL_Driver/Src/stm32f1xx_hal_cortex.c.obj
                0x08001abc                HAL_NVIC_EnableIRQ
 .text.HAL_SYSTICK_Config
                0x08001ad8       0x28 CMakeFiles/FOC-DRV8323.elf.dir/Drivers/STM32F1xx_HAL_Driver/Src/stm32f1xx_hal_cortex.c.obj
                0x08001ad8                HAL_SYSTICK_Config
 .text.HAL_DMA_Init
                0x08001b00       0x6c CMakeFiles/FOC-DRV8323.elf.dir/Drivers/STM32F1xx_HAL_Driver/Src/stm32f1xx_hal_dma.c.obj
                0x08001b00                HAL_DMA_Init
 .text.HAL_DMA_IRQHandler
                0x08001b6c      0x144 CMakeFiles/FOC-DRV8323.elf.dir/Drivers/STM32F1xx_HAL_Driver/Src/stm32f1xx_hal_dma.c.obj
                0x08001b6c                HAL_DMA_IRQHandler
 .text.HAL_GPIO_Init
                0x08001cb0      0x21c CMakeFiles/FOC-DRV8323.elf.dir/Drivers/STM32F1xx_HAL_Driver/Src/stm32f1xx_hal_gpio.c.obj
                0x08001cb0                HAL_GPIO_Init
 .text.HAL_GPIO_WritePin
                0x08001ecc        0xc CMakeFiles/FOC-DRV8323.elf.dir/Drivers/STM32F1xx_HAL_Driver/Src/stm32f1xx_hal_gpio.c.obj
                0x08001ecc                HAL_GPIO_WritePin
 .text.I2C_IsAcknowledgeFailed
                0x08001ed8       0x32 CMakeFiles/FOC-DRV8323.elf.dir/Drivers/STM32F1xx_HAL_Driver/Src/stm32f1xx_hal_i2c.c.obj
 .text.I2C_WaitOnFlagUntilTimeout
                0x08001f0a       0xaa CMakeFiles/FOC-DRV8323.elf.dir/Drivers/STM32F1xx_HAL_Driver/Src/stm32f1xx_hal_i2c.c.obj
 .text.I2C_WaitOnMasterAddressFlagUntilTimeout
                0x08001fb4       0xd6 CMakeFiles/FOC-DRV8323.elf.dir/Drivers/STM32F1xx_HAL_Driver/Src/stm32f1xx_hal_i2c.c.obj
 *fill*         0x0800208a        0x2 
 .text.I2C_MasterRequestWrite
                0x0800208c       0xb4 CMakeFiles/FOC-DRV8323.elf.dir/Drivers/STM32F1xx_HAL_Driver/Src/stm32f1xx_hal_i2c.c.obj
 .text.I2C_MasterRequestRead
                0x08002140      0x120 CMakeFiles/FOC-DRV8323.elf.dir/Drivers/STM32F1xx_HAL_Driver/Src/stm32f1xx_hal_i2c.c.obj
 .text.I2C_WaitOnTXEFlagUntilTimeout
                0x08002260       0x5e CMakeFiles/FOC-DRV8323.elf.dir/Drivers/STM32F1xx_HAL_Driver/Src/stm32f1xx_hal_i2c.c.obj
 .text.I2C_WaitOnBTFFlagUntilTimeout
                0x080022be       0x5e CMakeFiles/FOC-DRV8323.elf.dir/Drivers/STM32F1xx_HAL_Driver/Src/stm32f1xx_hal_i2c.c.obj
 .text.I2C_WaitOnRXNEFlagUntilTimeout
                0x0800231c       0x78 CMakeFiles/FOC-DRV8323.elf.dir/Drivers/STM32F1xx_HAL_Driver/Src/stm32f1xx_hal_i2c.c.obj
 .text.HAL_I2C_Init
                0x08002394      0x1bc CMakeFiles/FOC-DRV8323.elf.dir/Drivers/STM32F1xx_HAL_Driver/Src/stm32f1xx_hal_i2c.c.obj
                0x08002394                HAL_I2C_Init
 .text.HAL_I2C_Master_Transmit
                0x08002550      0x178 CMakeFiles/FOC-DRV8323.elf.dir/Drivers/STM32F1xx_HAL_Driver/Src/stm32f1xx_hal_i2c.c.obj
                0x08002550                HAL_I2C_Master_Transmit
 .text.HAL_I2C_Master_Receive
                0x080026c8      0x358 CMakeFiles/FOC-DRV8323.elf.dir/Drivers/STM32F1xx_HAL_Driver/Src/stm32f1xx_hal_i2c.c.obj
                0x080026c8                HAL_I2C_Master_Receive
 .text.RCC_Delay
                0x08002a20       0x2c CMakeFiles/FOC-DRV8323.elf.dir/Drivers/STM32F1xx_HAL_Driver/Src/stm32f1xx_hal_rcc.c.obj
 .text.HAL_RCC_OscConfig
                0x08002a4c      0x410 CMakeFiles/FOC-DRV8323.elf.dir/Drivers/STM32F1xx_HAL_Driver/Src/stm32f1xx_hal_rcc.c.obj
                0x08002a4c                HAL_RCC_OscConfig
 .text.HAL_RCC_GetSysClockFreq
                0x08002e5c       0x54 CMakeFiles/FOC-DRV8323.elf.dir/Drivers/STM32F1xx_HAL_Driver/Src/stm32f1xx_hal_rcc.c.obj
                0x08002e5c                HAL_RCC_GetSysClockFreq
 .text.HAL_RCC_ClockConfig
                0x08002eb0      0x16c CMakeFiles/FOC-DRV8323.elf.dir/Drivers/STM32F1xx_HAL_Driver/Src/stm32f1xx_hal_rcc.c.obj
                0x08002eb0                HAL_RCC_ClockConfig
 .text.HAL_RCC_GetHCLKFreq
                0x0800301c        0xc CMakeFiles/FOC-DRV8323.elf.dir/Drivers/STM32F1xx_HAL_Driver/Src/stm32f1xx_hal_rcc.c.obj
                0x0800301c                HAL_RCC_GetHCLKFreq
 .text.HAL_RCC_GetPCLK1Freq
                0x08003028       0x20 CMakeFiles/FOC-DRV8323.elf.dir/Drivers/STM32F1xx_HAL_Driver/Src/stm32f1xx_hal_rcc.c.obj
                0x08003028                HAL_RCC_GetPCLK1Freq
 .text.HAL_RCC_GetPCLK2Freq
                0x08003048       0x20 CMakeFiles/FOC-DRV8323.elf.dir/Drivers/STM32F1xx_HAL_Driver/Src/stm32f1xx_hal_rcc.c.obj
                0x08003048                HAL_RCC_GetPCLK2Freq
 .text.HAL_RCCEx_PeriphCLKConfig
                0x08003068      0x118 CMakeFiles/FOC-DRV8323.elf.dir/Drivers/STM32F1xx_HAL_Driver/Src/stm32f1xx_hal_rcc_ex.c.obj
                0x08003068                HAL_RCCEx_PeriphCLKConfig
 .text.TIM_OC1_SetConfig
                0x08003180       0x54 CMakeFiles/FOC-DRV8323.elf.dir/Drivers/STM32F1xx_HAL_Driver/Src/stm32f1xx_hal_tim.c.obj
 .text.TIM_OC3_SetConfig
                0x080031d4       0x5c CMakeFiles/FOC-DRV8323.elf.dir/Drivers/STM32F1xx_HAL_Driver/Src/stm32f1xx_hal_tim.c.obj
 .text.TIM_OC4_SetConfig
                0x08003230       0x48 CMakeFiles/FOC-DRV8323.elf.dir/Drivers/STM32F1xx_HAL_Driver/Src/stm32f1xx_hal_tim.c.obj
 .text.TIM_TI1_ConfigInputStage
                0x08003278       0x24 CMakeFiles/FOC-DRV8323.elf.dir/Drivers/STM32F1xx_HAL_Driver/Src/stm32f1xx_hal_tim.c.obj
 .text.TIM_TI2_ConfigInputStage
                0x0800329c       0x26 CMakeFiles/FOC-DRV8323.elf.dir/Drivers/STM32F1xx_HAL_Driver/Src/stm32f1xx_hal_tim.c.obj
 .text.TIM_ITRx_SetConfig
                0x080032c2       0x10 CMakeFiles/FOC-DRV8323.elf.dir/Drivers/STM32F1xx_HAL_Driver/Src/stm32f1xx_hal_tim.c.obj
 *fill*         0x080032d2        0x2 
 .text.HAL_TIM_Base_Start_IT
                0x080032d4       0x68 CMakeFiles/FOC-DRV8323.elf.dir/Drivers/STM32F1xx_HAL_Driver/Src/stm32f1xx_hal_tim.c.obj
                0x080032d4                HAL_TIM_Base_Start_IT
 .text.HAL_TIM_PWM_MspInit
                0x0800333c        0x2 CMakeFiles/FOC-DRV8323.elf.dir/Drivers/STM32F1xx_HAL_Driver/Src/stm32f1xx_hal_tim.c.obj
                0x0800333c                HAL_TIM_PWM_MspInit
 .text.HAL_TIM_OC_DelayElapsedCallback
                0x0800333e        0x2 CMakeFiles/FOC-DRV8323.elf.dir/Drivers/STM32F1xx_HAL_Driver/Src/stm32f1xx_hal_tim.c.obj
                0x0800333e                HAL_TIM_OC_DelayElapsedCallback
 .text.HAL_TIM_IC_CaptureCallback
                0x08003340        0x2 CMakeFiles/FOC-DRV8323.elf.dir/Drivers/STM32F1xx_HAL_Driver/Src/stm32f1xx_hal_tim.c.obj
                0x08003340                HAL_TIM_IC_CaptureCallback
 .text.HAL_TIM_PWM_PulseFinishedCallback
                0x08003342        0x2 CMakeFiles/FOC-DRV8323.elf.dir/Drivers/STM32F1xx_HAL_Driver/Src/stm32f1xx_hal_tim.c.obj
                0x08003342                HAL_TIM_PWM_PulseFinishedCallback
 .text.HAL_TIM_TriggerCallback
                0x08003344        0x2 CMakeFiles/FOC-DRV8323.elf.dir/Drivers/STM32F1xx_HAL_Driver/Src/stm32f1xx_hal_tim.c.obj
                0x08003344                HAL_TIM_TriggerCallback
 .text.HAL_TIM_IRQHandler
                0x08003346      0x17a CMakeFiles/FOC-DRV8323.elf.dir/Drivers/STM32F1xx_HAL_Driver/Src/stm32f1xx_hal_tim.c.obj
                0x08003346                HAL_TIM_IRQHandler
 .text.TIM_Base_SetConfig
                0x080034c0       0x74 CMakeFiles/FOC-DRV8323.elf.dir/Drivers/STM32F1xx_HAL_Driver/Src/stm32f1xx_hal_tim.c.obj
                0x080034c0                TIM_Base_SetConfig
 .text.HAL_TIM_Base_Init
                0x08003534       0x58 CMakeFiles/FOC-DRV8323.elf.dir/Drivers/STM32F1xx_HAL_Driver/Src/stm32f1xx_hal_tim.c.obj
                0x08003534                HAL_TIM_Base_Init
 .text.HAL_TIM_PWM_Init
                0x0800358c       0x58 CMakeFiles/FOC-DRV8323.elf.dir/Drivers/STM32F1xx_HAL_Driver/Src/stm32f1xx_hal_tim.c.obj
                0x0800358c                HAL_TIM_PWM_Init
 .text.TIM_OC2_SetConfig
                0x080035e4       0x5c CMakeFiles/FOC-DRV8323.elf.dir/Drivers/STM32F1xx_HAL_Driver/Src/stm32f1xx_hal_tim.c.obj
                0x080035e4                TIM_OC2_SetConfig
 .text.HAL_TIM_PWM_ConfigChannel
                0x08003640       0xdc CMakeFiles/FOC-DRV8323.elf.dir/Drivers/STM32F1xx_HAL_Driver/Src/stm32f1xx_hal_tim.c.obj
                0x08003640                HAL_TIM_PWM_ConfigChannel
 .text.TIM_ETR_SetConfig
                0x0800371c       0x18 CMakeFiles/FOC-DRV8323.elf.dir/Drivers/STM32F1xx_HAL_Driver/Src/stm32f1xx_hal_tim.c.obj
                0x0800371c                TIM_ETR_SetConfig
 .text.HAL_TIM_ConfigClockSource
                0x08003734       0xfe CMakeFiles/FOC-DRV8323.elf.dir/Drivers/STM32F1xx_HAL_Driver/Src/stm32f1xx_hal_tim.c.obj
                0x08003734                HAL_TIM_ConfigClockSource
 .text.TIM_CCxChannelCmd
                0x08003832       0x1e CMakeFiles/FOC-DRV8323.elf.dir/Drivers/STM32F1xx_HAL_Driver/Src/stm32f1xx_hal_tim.c.obj
                0x08003832                TIM_CCxChannelCmd
 .text.HAL_TIM_PWM_Start
                0x08003850       0xdc CMakeFiles/FOC-DRV8323.elf.dir/Drivers/STM32F1xx_HAL_Driver/Src/stm32f1xx_hal_tim.c.obj
                0x08003850                HAL_TIM_PWM_Start
 .text.HAL_TIMEx_MasterConfigSynchronization
                0x0800392c       0x6c CMakeFiles/FOC-DRV8323.elf.dir/Drivers/STM32F1xx_HAL_Driver/Src/stm32f1xx_hal_tim_ex.c.obj
                0x0800392c                HAL_TIMEx_MasterConfigSynchronization
 .text.HAL_TIMEx_CommutCallback
                0x08003998        0x2 CMakeFiles/FOC-DRV8323.elf.dir/Drivers/STM32F1xx_HAL_Driver/Src/stm32f1xx_hal_tim_ex.c.obj
                0x08003998                HAL_TIMEx_CommutCallback
 .text.HAL_TIMEx_BreakCallback
                0x0800399a        0x2 CMakeFiles/FOC-DRV8323.elf.dir/Drivers/STM32F1xx_HAL_Driver/Src/stm32f1xx_hal_tim_ex.c.obj
                0x0800399a                HAL_TIMEx_BreakCallback
 .text.UART_SetConfig
                0x0800399c       0x94 CMakeFiles/FOC-DRV8323.elf.dir/Drivers/STM32F1xx_HAL_Driver/Src/stm32f1xx_hal_uart.c.obj
 .text.HAL_UART_Init
                0x08003a30       0x60 CMakeFiles/FOC-DRV8323.elf.dir/Drivers/STM32F1xx_HAL_Driver/Src/stm32f1xx_hal_uart.c.obj
                0x08003a30                HAL_UART_Init
 .text.i2cWrite
                0x08003a90       0x20 CMakeFiles/FOC-DRV8323.elf.dir/Hardware/AS5600.c.obj
 .text.i2cRead  0x08003ab0       0x20 CMakeFiles/FOC-DRV8323.elf.dir/Hardware/AS5600.c.obj
 .text.as5600GetRawAngle
                0x08003ad0       0x34 CMakeFiles/FOC-DRV8323.elf.dir/Hardware/AS5600.c.obj
                0x08003ad0                as5600GetRawAngle
 .text.DRV8323_Init
                0x08003b04       0x14 CMakeFiles/FOC-DRV8323.elf.dir/Hardware/drv8323.c.obj
                0x08003b04                DRV8323_Init
 .text._SIN     0x08003b18       0x10 CMakeFiles/FOC-DRV8323.elf.dir/Hardware/foc_ctrl.c.obj
                0x08003b18                _SIN
 .text._COS     0x08003b28       0x10 CMakeFiles/FOC-DRV8323.elf.dir/Hardware/foc_ctrl.c.obj
                0x08003b28                _COS
 .text.get_Angle
                0x08003b38       0x34 CMakeFiles/FOC-DRV8323.elf.dir/Hardware/foc_ctrl.c.obj
                0x08003b38                get_Angle
 .text.Inv_Park_Trans
                0x08003b6c       0x58 CMakeFiles/FOC-DRV8323.elf.dir/Hardware/foc_ctrl.c.obj
                0x08003b6c                Inv_Park_Trans
 .text.SVPWM_Trans
                0x08003bc4      0x2e8 CMakeFiles/FOC-DRV8323.elf.dir/Hardware/foc_ctrl.c.obj
                0x08003bc4                SVPWM_Trans
 .text.setTorque
                0x08003eac        0x8 CMakeFiles/FOC-DRV8323.elf.dir/Hardware/foc_ctrl.c.obj
                0x08003eac                setTorque
 .text.FOC_Init
                0x08003eb4       0x3c CMakeFiles/FOC-DRV8323.elf.dir/Hardware/foc_ctrl.c.obj
                0x08003eb4                FOC_Init
 .text.FOC_Run  0x08003ef0       0x70 CMakeFiles/FOC-DRV8323.elf.dir/Hardware/foc_ctrl.c.obj
                0x08003ef0                FOC_Run
 .text.HAL_TIM_PeriodElapsedCallback
                0x08003f60       0x10 CMakeFiles/FOC-DRV8323.elf.dir/Hardware/foc_ctrl.c.obj
                0x08003f60                HAL_TIM_PeriodElapsedCallback
 .text.pid_init
                0x08003f70       0x2c CMakeFiles/FOC-DRV8323.elf.dir/Hardware/pid.c.obj
                0x08003f70                pid_init
 .text.memset   0x08003f9c       0xa0 d:/toolchain_supports/arm-gnu-toolchain-12.2.mpacbti-rel1-mingw-w64-i686-arm-none-eabi/bin/../lib/gcc/arm-none-eabi/12.2.1/thumb/v7-m/nofp\libg.a(libc_a-memset.o)
                0x08003f9c                memset
 .text.__libc_init_array
                0x0800403c       0x50 d:/toolchain_supports/arm-gnu-toolchain-12.2.mpacbti-rel1-mingw-w64-i686-arm-none-eabi/bin/../lib/gcc/arm-none-eabi/12.2.1/thumb/v7-m/nofp\libg.a(libc_a-init.o)
                0x0800403c                __libc_init_array
 .text.__retarget_lock_acquire_recursive
                0x0800408c        0x4 d:/toolchain_supports/arm-gnu-toolchain-12.2.mpacbti-rel1-mingw-w64-i686-arm-none-eabi/bin/../lib/gcc/arm-none-eabi/12.2.1/thumb/v7-m/nofp\libg.a(libc_a-lock.o)
                0x0800408c                __retarget_lock_acquire_recursive
 .text.__retarget_lock_release_recursive
                0x08004090        0x4 d:/toolchain_supports/arm-gnu-toolchain-12.2.mpacbti-rel1-mingw-w64-i686-arm-none-eabi/bin/../lib/gcc/arm-none-eabi/12.2.1/thumb/v7-m/nofp\libg.a(libc_a-lock.o)
                0x08004090                __retarget_lock_release_recursive
 .text.startup.register_fini
                0x08004094       0x14 d:/toolchain_supports/arm-gnu-toolchain-12.2.mpacbti-rel1-mingw-w64-i686-arm-none-eabi/bin/../lib/gcc/arm-none-eabi/12.2.1/thumb/v7-m/nofp\libg.a(libc_a-__call_atexit.o)
 .text.atexit   0x080040a8        0xc d:/toolchain_supports/arm-gnu-toolchain-12.2.mpacbti-rel1-mingw-w64-i686-arm-none-eabi/bin/../lib/gcc/arm-none-eabi/12.2.1/thumb/v7-m/nofp\libg.a(libc_a-atexit.o)
                0x080040a8                atexit
 .text.__libc_fini_array
                0x080040b4       0x28 d:/toolchain_supports/arm-gnu-toolchain-12.2.mpacbti-rel1-mingw-w64-i686-arm-none-eabi/bin/../lib/gcc/arm-none-eabi/12.2.1/thumb/v7-m/nofp\libg.a(libc_a-fini.o)
                0x080040b4                __libc_fini_array
 .text.__register_exitproc
                0x080040dc       0x80 d:/toolchain_supports/arm-gnu-toolchain-12.2.mpacbti-rel1-mingw-w64-i686-arm-none-eabi/bin/../lib/gcc/arm-none-eabi/12.2.1/thumb/v7-m/nofp\libg.a(libc_a-__atexit.o)
                0x080040dc                __register_exitproc
 .text.cos      0x0800415c       0x88 d:/toolchain_supports/arm-gnu-toolchain-12.2.mpacbti-rel1-mingw-w64-i686-arm-none-eabi/bin/../lib/gcc/arm-none-eabi/12.2.1/thumb/v7-m/nofp\libm.a(libm_a-s_cos.o)
                0x0800415c                cos
 .text.sin      0x080041e4       0x94 d:/toolchain_supports/arm-gnu-toolchain-12.2.mpacbti-rel1-mingw-w64-i686-arm-none-eabi/bin/../lib/gcc/arm-none-eabi/12.2.1/thumb/v7-m/nofp\libm.a(libm_a-s_sin.o)
                0x080041e4                sin
 .text.__kernel_cos
                0x08004278      0x250 d:/toolchain_supports/arm-gnu-toolchain-12.2.mpacbti-rel1-mingw-w64-i686-arm-none-eabi/bin/../lib/gcc/arm-none-eabi/12.2.1/thumb/v7-m/nofp\libm.a(libm_a-k_cos.o)
                0x08004278                __kernel_cos
 .text.__kernel_sin
                0x080044c8      0x16c d:/toolchain_supports/arm-gnu-toolchain-12.2.mpacbti-rel1-mingw-w64-i686-arm-none-eabi/bin/../lib/gcc/arm-none-eabi/12.2.1/thumb/v7-m/nofp\libm.a(libm_a-k_sin.o)
                0x080044c8                __kernel_sin
 *fill*         0x08004634        0x4 
 .text.__ieee754_rem_pio2
                0x08004638      0x41c d:/toolchain_supports/arm-gnu-toolchain-12.2.mpacbti-rel1-mingw-w64-i686-arm-none-eabi/bin/../lib/gcc/arm-none-eabi/12.2.1/thumb/v7-m/nofp\libm.a(libm_a-e_rem_pio2.o)
                0x08004638                __ieee754_rem_pio2
 .text.fabs     0x08004a54        0x8 d:/toolchain_supports/arm-gnu-toolchain-12.2.mpacbti-rel1-mingw-w64-i686-arm-none-eabi/bin/../lib/gcc/arm-none-eabi/12.2.1/thumb/v7-m/nofp\libm.a(libm_a-s_fabs.o)
                0x08004a54                fabs
 .text.__kernel_rem_pio2
                0x08004a5c      0x83c d:/toolchain_supports/arm-gnu-toolchain-12.2.mpacbti-rel1-mingw-w64-i686-arm-none-eabi/bin/../lib/gcc/arm-none-eabi/12.2.1/thumb/v7-m/nofp\libm.a(libm_a-k_rem_pio2.o)
                0x08004a5c                __kernel_rem_pio2
 .text.scalbn   0x08005298      0x104 d:/toolchain_supports/arm-gnu-toolchain-12.2.mpacbti-rel1-mingw-w64-i686-arm-none-eabi/bin/../lib/gcc/arm-none-eabi/12.2.1/thumb/v7-m/nofp\libm.a(libm_a-s_scalbn.o)
                0x08005298                scalbn
 *fill*         0x0800539c        0x4 
 .text.floor    0x080053a0      0x108 d:/toolchain_supports/arm-gnu-toolchain-12.2.mpacbti-rel1-mingw-w64-i686-arm-none-eabi/bin/../lib/gcc/arm-none-eabi/12.2.1/thumb/v7-m/nofp\libm.a(libm_a-s_floor.o)
                0x080053a0                floor
 *(.glue_7)
 .glue_7        0x080054a8        0x0 linker stubs
 *(.glue_7t)
 .glue_7t       0x080054a8        0x0 linker stubs
 *(.eh_frame)
 .eh_frame      0x080054a8        0x0 d:/toolchain_supports/arm-gnu-toolchain-12.2.mpacbti-rel1-mingw-w64-i686-arm-none-eabi/bin/../lib/gcc/arm-none-eabi/12.2.1/thumb/v7-m/nofp/crtbegin.o
 *(.init)
 .init          0x080054a8        0x4 d:/toolchain_supports/arm-gnu-toolchain-12.2.mpacbti-rel1-mingw-w64-i686-arm-none-eabi/bin/../lib/gcc/arm-none-eabi/12.2.1/thumb/v7-m/nofp/crti.o
                0x080054a8                _init
 .init          0x080054ac        0x8 d:/toolchain_supports/arm-gnu-toolchain-12.2.mpacbti-rel1-mingw-w64-i686-arm-none-eabi/bin/../lib/gcc/arm-none-eabi/12.2.1/thumb/v7-m/nofp/crtn.o
 *(.fini)
 .fini          0x080054b4        0x4 d:/toolchain_supports/arm-gnu-toolchain-12.2.mpacbti-rel1-mingw-w64-i686-arm-none-eabi/bin/../lib/gcc/arm-none-eabi/12.2.1/thumb/v7-m/nofp/crti.o
                0x080054b4                _fini
 .fini          0x080054b8        0x8 d:/toolchain_supports/arm-gnu-toolchain-12.2.mpacbti-rel1-mingw-w64-i686-arm-none-eabi/bin/../lib/gcc/arm-none-eabi/12.2.1/thumb/v7-m/nofp/crtn.o
                0x080054c0                        . = ALIGN (0x4)
                0x080054c0                        _etext = .

.vfp11_veneer   0x080054c0        0x0
 .vfp11_veneer  0x080054c0        0x0 linker stubs

.v4_bx          0x080054c0        0x0
 .v4_bx         0x080054c0        0x0 linker stubs

.iplt           0x080054c0        0x0
 .iplt          0x080054c0        0x0 d:/toolchain_supports/arm-gnu-toolchain-12.2.mpacbti-rel1-mingw-w64-i686-arm-none-eabi/bin/../lib/gcc/arm-none-eabi/12.2.1/thumb/v7-m/nofp/crtbegin.o

.rodata         0x080054c0      0x210
                0x080054c0                        . = ALIGN (0x4)
 *(.rodata)
 .rodata        0x080054c0        0x8 CMakeFiles/FOC-DRV8323.elf.dir/Core/Src/main.c.obj
 *(.rodata*)
 .rodata.APBPrescTable
                0x080054c8        0x8 CMakeFiles/FOC-DRV8323.elf.dir/Core/Src/system_stm32f1xx.c.obj
                0x080054c8                APBPrescTable
 .rodata.AHBPrescTable
                0x080054d0       0x10 CMakeFiles/FOC-DRV8323.elf.dir/Core/Src/system_stm32f1xx.c.obj
                0x080054d0                AHBPrescTable
 .rodata.aPredivFactorTable.0
                0x080054e0        0x2 CMakeFiles/FOC-DRV8323.elf.dir/Drivers/STM32F1xx_HAL_Driver/Src/stm32f1xx_hal_rcc.c.obj
 *fill*         0x080054e2        0x2 
 .rodata.aPLLMULFactorTable.1
                0x080054e4       0x10 CMakeFiles/FOC-DRV8323.elf.dir/Drivers/STM32F1xx_HAL_Driver/Src/stm32f1xx_hal_rcc.c.obj
 .rodata.npio2_hw
                0x080054f4       0x80 d:/toolchain_supports/arm-gnu-toolchain-12.2.mpacbti-rel1-mingw-w64-i686-arm-none-eabi/bin/../lib/gcc/arm-none-eabi/12.2.1/thumb/v7-m/nofp\libm.a(libm_a-e_rem_pio2.o)
 .rodata.two_over_pi
                0x08005574      0x108 d:/toolchain_supports/arm-gnu-toolchain-12.2.mpacbti-rel1-mingw-w64-i686-arm-none-eabi/bin/../lib/gcc/arm-none-eabi/12.2.1/thumb/v7-m/nofp\libm.a(libm_a-e_rem_pio2.o)
 *fill*         0x0800567c        0x4 
 .rodata.PIo2   0x08005680       0x40 d:/toolchain_supports/arm-gnu-toolchain-12.2.mpacbti-rel1-mingw-w64-i686-arm-none-eabi/bin/../lib/gcc/arm-none-eabi/12.2.1/thumb/v7-m/nofp\libm.a(libm_a-k_rem_pio2.o)
 .rodata.init_jk
                0x080056c0       0x10 d:/toolchain_supports/arm-gnu-toolchain-12.2.mpacbti-rel1-mingw-w64-i686-arm-none-eabi/bin/../lib/gcc/arm-none-eabi/12.2.1/thumb/v7-m/nofp\libm.a(libm_a-k_rem_pio2.o)
                0x080056d0                        . = ALIGN (0x4)

.rel.dyn        0x080056d0        0x0
 .rel.iplt      0x080056d0        0x0 d:/toolchain_supports/arm-gnu-toolchain-12.2.mpacbti-rel1-mingw-w64-i686-arm-none-eabi/bin/../lib/gcc/arm-none-eabi/12.2.1/thumb/v7-m/nofp/crtbegin.o

.ARM.extab      0x080056d0        0x0
                0x080056d0                        . = ALIGN (0x4)
 *(.ARM.extab* .gnu.linkonce.armextab.*)
                0x080056d0                        . = ALIGN (0x4)

.ARM            0x080056d0        0x0
                0x080056d0                        . = ALIGN (0x4)
                0x080056d0                        __exidx_start = .
 *(.ARM.exidx*)
                0x080056d0                        __exidx_end = .
                0x080056d0                        . = ALIGN (0x4)

.preinit_array  0x080056d0        0x0
                0x080056d0                        . = ALIGN (0x4)
                0x080056d0                        PROVIDE (__preinit_array_start = .)
 *(.preinit_array*)
                0x080056d0                        PROVIDE (__preinit_array_end = .)
                0x080056d0                        . = ALIGN (0x4)

.init_array     0x080056d0        0x8
                0x080056d0                        . = ALIGN (0x4)
                0x080056d0                        PROVIDE (__init_array_start = .)
 *(SORT_BY_NAME(.init_array.*))
 .init_array.00000
                0x080056d0        0x4 d:/toolchain_supports/arm-gnu-toolchain-12.2.mpacbti-rel1-mingw-w64-i686-arm-none-eabi/bin/../lib/gcc/arm-none-eabi/12.2.1/thumb/v7-m/nofp\libg.a(libc_a-__call_atexit.o)
 *(.init_array*)
 .init_array    0x080056d4        0x4 d:/toolchain_supports/arm-gnu-toolchain-12.2.mpacbti-rel1-mingw-w64-i686-arm-none-eabi/bin/../lib/gcc/arm-none-eabi/12.2.1/thumb/v7-m/nofp/crtbegin.o
                0x080056d8                        PROVIDE (__init_array_end = .)
                0x080056d8                        . = ALIGN (0x4)

.fini_array     0x080056d8        0x4
                0x080056d8                        . = ALIGN (0x4)
                0x080056d8                        PROVIDE (__fini_array_start = .)
 *(SORT_BY_NAME(.fini_array.*))
 *(.fini_array*)
 .fini_array    0x080056d8        0x4 d:/toolchain_supports/arm-gnu-toolchain-12.2.mpacbti-rel1-mingw-w64-i686-arm-none-eabi/bin/../lib/gcc/arm-none-eabi/12.2.1/thumb/v7-m/nofp/crtbegin.o
                0x080056dc                        PROVIDE (__fini_array_end = .)
                0x080056dc                        . = ALIGN (0x4)
                0x080056dc                        _sidata = LOADADDR (.data)

.data           0x20000000       0x10 load address 0x080056dc
                0x20000000                        . = ALIGN (0x4)
                0x20000000                        _sdata = .
 *(.data)
 *(.data*)
 .data.SystemCoreClock
                0x20000000        0x4 CMakeFiles/FOC-DRV8323.elf.dir/Core/Src/system_stm32f1xx.c.obj
                0x20000000                SystemCoreClock
 .data.uwTickFreq
                0x20000004        0x1 CMakeFiles/FOC-DRV8323.elf.dir/Drivers/STM32F1xx_HAL_Driver/Src/stm32f1xx_hal.c.obj
                0x20000004                uwTickFreq
 *fill*         0x20000005        0x3 
 .data.uwTickPrio
                0x20000008        0x4 CMakeFiles/FOC-DRV8323.elf.dir/Drivers/STM32F1xx_HAL_Driver/Src/stm32f1xx_hal.c.obj
                0x20000008                uwTickPrio
 .data.__atexit_recursive_mutex
                0x2000000c        0x4 d:/toolchain_supports/arm-gnu-toolchain-12.2.mpacbti-rel1-mingw-w64-i686-arm-none-eabi/bin/../lib/gcc/arm-none-eabi/12.2.1/thumb/v7-m/nofp\libg.a(libc_a-__call_atexit.o)
                0x2000000c                __atexit_recursive_mutex
 *(.RamFunc)
 *(.RamFunc*)
                0x20000010                        . = ALIGN (0x4)
                0x20000010                        _edata = .

.tm_clone_table
                0x20000010        0x0 load address 0x080056ec
 .tm_clone_table
                0x20000010        0x0 d:/toolchain_supports/arm-gnu-toolchain-12.2.mpacbti-rel1-mingw-w64-i686-arm-none-eabi/bin/../lib/gcc/arm-none-eabi/12.2.1/thumb/v7-m/nofp/crtbegin.o
 .tm_clone_table
                0x20000010        0x0 d:/toolchain_supports/arm-gnu-toolchain-12.2.mpacbti-rel1-mingw-w64-i686-arm-none-eabi/bin/../lib/gcc/arm-none-eabi/12.2.1/thumb/v7-m/nofp/crtend.o

.igot.plt       0x20000010        0x0 load address 0x080056ec
 .igot.plt      0x20000010        0x0 d:/toolchain_supports/arm-gnu-toolchain-12.2.mpacbti-rel1-mingw-w64-i686-arm-none-eabi/bin/../lib/gcc/arm-none-eabi/12.2.1/thumb/v7-m/nofp/crtbegin.o
                0x20000010                        . = ALIGN (0x4)

.bss            0x20000010      0x3d8 load address 0x080056ec
                0x20000010                        _sbss = .
                0x20000010                        __bss_start__ = _sbss
 *(.bss)
 *(.bss*)
 .bss.completed.1
                0x20000010        0x1 d:/toolchain_supports/arm-gnu-toolchain-12.2.mpacbti-rel1-mingw-w64-i686-arm-none-eabi/bin/../lib/gcc/arm-none-eabi/12.2.1/thumb/v7-m/nofp/crtbegin.o
 *fill*         0x20000011        0x3 
 .bss.object.0  0x20000014       0x18 d:/toolchain_supports/arm-gnu-toolchain-12.2.mpacbti-rel1-mingw-w64-i686-arm-none-eabi/bin/../lib/gcc/arm-none-eabi/12.2.1/thumb/v7-m/nofp/crtbegin.o
 .bss.hdma_adc1
                0x2000002c       0x44 CMakeFiles/FOC-DRV8323.elf.dir/Core/Src/adc.c.obj
                0x2000002c                hdma_adc1
 .bss.hadc1     0x20000070       0x30 CMakeFiles/FOC-DRV8323.elf.dir/Core/Src/adc.c.obj
                0x20000070                hadc1
 .bss.hi2c1     0x200000a0       0x54 CMakeFiles/FOC-DRV8323.elf.dir/Core/Src/i2c.c.obj
                0x200000a0                hi2c1
 .bss.htim3     0x200000f4       0x48 CMakeFiles/FOC-DRV8323.elf.dir/Core/Src/tim.c.obj
                0x200000f4                htim3
 .bss.htim2     0x2000013c       0x48 CMakeFiles/FOC-DRV8323.elf.dir/Core/Src/tim.c.obj
                0x2000013c                htim2
 .bss.huart1    0x20000184       0x48 CMakeFiles/FOC-DRV8323.elf.dir/Core/Src/usart.c.obj
                0x20000184                huart1
 .bss.uwTick    0x200001cc        0x4 CMakeFiles/FOC-DRV8323.elf.dir/Drivers/STM32F1xx_HAL_Driver/Src/stm32f1xx_hal.c.obj
                0x200001cc                uwTick
 .bss.AS5600_buffer
                0x200001d0        0x2 CMakeFiles/FOC-DRV8323.elf.dir/Hardware/AS5600.c.obj
                0x200001d0                AS5600_buffer
 *fill*         0x200001d2        0x2 
 .bss.target_angle.0
                0x200001d4        0x4 CMakeFiles/FOC-DRV8323.elf.dir/Hardware/foc_ctrl.c.obj
 .bss.T_count.1
                0x200001d8        0x4 CMakeFiles/FOC-DRV8323.elf.dir/Hardware/foc_ctrl.c.obj
 .bss.position_loop
                0x200001dc       0x48 CMakeFiles/FOC-DRV8323.elf.dir/Hardware/foc_ctrl.c.obj
                0x200001dc                position_loop
 .bss.Motor_2208
                0x20000224       0x2c CMakeFiles/FOC-DRV8323.elf.dir/Hardware/foc_ctrl.c.obj
                0x20000224                Motor_2208
 .bss.__lock___atexit_recursive_mutex
                0x20000250        0x1 d:/toolchain_supports/arm-gnu-toolchain-12.2.mpacbti-rel1-mingw-w64-i686-arm-none-eabi/bin/../lib/gcc/arm-none-eabi/12.2.1/thumb/v7-m/nofp\libg.a(libc_a-lock.o)
                0x20000250                __lock___atexit_recursive_mutex
 *fill*         0x20000251        0x3 
 .bss.__atexit  0x20000254        0x4 d:/toolchain_supports/arm-gnu-toolchain-12.2.mpacbti-rel1-mingw-w64-i686-arm-none-eabi/bin/../lib/gcc/arm-none-eabi/12.2.1/thumb/v7-m/nofp\libg.a(libc_a-__call_atexit.o)
                0x20000254                __atexit
 .bss.__atexit0
                0x20000258      0x190 d:/toolchain_supports/arm-gnu-toolchain-12.2.mpacbti-rel1-mingw-w64-i686-arm-none-eabi/bin/../lib/gcc/arm-none-eabi/12.2.1/thumb/v7-m/nofp\libg.a(libc_a-__atexit.o)
                0x20000258                __atexit0
 *(COMMON)
                0x200003e8                        . = ALIGN (0x4)
                0x200003e8                        _ebss = .
                0x200003e8                        __bss_end__ = _ebss

._user_heap_stack
                0x200003e8      0x600 load address 0x080056ec
                0x200003e8                        . = ALIGN (0x8)
                [!provide]                        PROVIDE (end = .)
                0x200003e8                        PROVIDE (_end = .)
                0x200005e8                        . = (. + _Min_Heap_Size)
 *fill*         0x200003e8      0x200 
                0x200009e8                        . = (. + _Min_Stack_Size)
 *fill*         0x200005e8      0x400 
                0x200009e8                        . = ALIGN (0x8)

/DISCARD/
 libc.a(*)
 libm.a(*)
 libgcc.a(*)

.ARM.attributes
                0x00000000       0x29
 *(.ARM.attributes)
 .ARM.attributes
                0x00000000       0x1d d:/toolchain_supports/arm-gnu-toolchain-12.2.mpacbti-rel1-mingw-w64-i686-arm-none-eabi/bin/../lib/gcc/arm-none-eabi/12.2.1/thumb/v7-m/nofp/crti.o
 .ARM.attributes
                0x0000001d       0x2d d:/toolchain_supports/arm-gnu-toolchain-12.2.mpacbti-rel1-mingw-w64-i686-arm-none-eabi/bin/../lib/gcc/arm-none-eabi/12.2.1/thumb/v7-m/nofp/crtbegin.o
 .ARM.attributes
                0x0000004a       0x2d CMakeFiles/FOC-DRV8323.elf.dir/Core/Src/adc.c.obj
 .ARM.attributes
                0x00000077       0x2d CMakeFiles/FOC-DRV8323.elf.dir/Core/Src/dma.c.obj
 .ARM.attributes
                0x000000a4       0x2d CMakeFiles/FOC-DRV8323.elf.dir/Core/Src/gpio.c.obj
 .ARM.attributes
                0x000000d1       0x2d CMakeFiles/FOC-DRV8323.elf.dir/Core/Src/i2c.c.obj
 .ARM.attributes
                0x000000fe       0x2d CMakeFiles/FOC-DRV8323.elf.dir/Core/Src/main.c.obj
 .ARM.attributes
                0x0000012b       0x2d CMakeFiles/FOC-DRV8323.elf.dir/Core/Src/stm32f1xx_hal_msp.c.obj
 .ARM.attributes
                0x00000158       0x2d CMakeFiles/FOC-DRV8323.elf.dir/Core/Src/stm32f1xx_it.c.obj
 .ARM.attributes
                0x00000185       0x2d CMakeFiles/FOC-DRV8323.elf.dir/Core/Src/system_stm32f1xx.c.obj
 .ARM.attributes
                0x000001b2       0x2d CMakeFiles/FOC-DRV8323.elf.dir/Core/Src/tim.c.obj
 .ARM.attributes
                0x000001df       0x2d CMakeFiles/FOC-DRV8323.elf.dir/Core/Src/usart.c.obj
 .ARM.attributes
                0x0000020c       0x21 CMakeFiles/FOC-DRV8323.elf.dir/Core/Startup/startup_stm32f103c8tx.s.obj
 .ARM.attributes
                0x0000022d       0x2d CMakeFiles/FOC-DRV8323.elf.dir/Drivers/STM32F1xx_HAL_Driver/Src/stm32f1xx_hal.c.obj
 .ARM.attributes
                0x0000025a       0x2d CMakeFiles/FOC-DRV8323.elf.dir/Drivers/STM32F1xx_HAL_Driver/Src/stm32f1xx_hal_adc.c.obj
 .ARM.attributes
                0x00000287       0x2d CMakeFiles/FOC-DRV8323.elf.dir/Drivers/STM32F1xx_HAL_Driver/Src/stm32f1xx_hal_cortex.c.obj
 .ARM.attributes
                0x000002b4       0x2d CMakeFiles/FOC-DRV8323.elf.dir/Drivers/STM32F1xx_HAL_Driver/Src/stm32f1xx_hal_dma.c.obj
 .ARM.attributes
                0x000002e1       0x2d CMakeFiles/FOC-DRV8323.elf.dir/Drivers/STM32F1xx_HAL_Driver/Src/stm32f1xx_hal_gpio.c.obj
 .ARM.attributes
                0x0000030e       0x2d CMakeFiles/FOC-DRV8323.elf.dir/Drivers/STM32F1xx_HAL_Driver/Src/stm32f1xx_hal_i2c.c.obj
 .ARM.attributes
                0x0000033b       0x2d CMakeFiles/FOC-DRV8323.elf.dir/Drivers/STM32F1xx_HAL_Driver/Src/stm32f1xx_hal_rcc.c.obj
 .ARM.attributes
                0x00000368       0x2d CMakeFiles/FOC-DRV8323.elf.dir/Drivers/STM32F1xx_HAL_Driver/Src/stm32f1xx_hal_rcc_ex.c.obj
 .ARM.attributes
                0x00000395       0x2d CMakeFiles/FOC-DRV8323.elf.dir/Drivers/STM32F1xx_HAL_Driver/Src/stm32f1xx_hal_tim.c.obj
 .ARM.attributes
                0x000003c2       0x2d CMakeFiles/FOC-DRV8323.elf.dir/Drivers/STM32F1xx_HAL_Driver/Src/stm32f1xx_hal_tim_ex.c.obj
 .ARM.attributes
                0x000003ef       0x2d CMakeFiles/FOC-DRV8323.elf.dir/Drivers/STM32F1xx_HAL_Driver/Src/stm32f1xx_hal_uart.c.obj
 .ARM.attributes
                0x0000041c       0x2d CMakeFiles/FOC-DRV8323.elf.dir/Hardware/AS5600.c.obj
 .ARM.attributes
                0x00000449       0x2d CMakeFiles/FOC-DRV8323.elf.dir/Hardware/drv8323.c.obj
 .ARM.attributes
                0x00000476       0x2d CMakeFiles/FOC-DRV8323.elf.dir/Hardware/foc_ctrl.c.obj
 .ARM.attributes
                0x000004a3       0x2d CMakeFiles/FOC-DRV8323.elf.dir/Hardware/pid.c.obj
 .ARM.attributes
                0x000004d0       0x1d d:/toolchain_supports/arm-gnu-toolchain-12.2.mpacbti-rel1-mingw-w64-i686-arm-none-eabi/bin/../lib/gcc/arm-none-eabi/12.2.1/thumb/v7-m/nofp\libgcc.a(_arm_addsubdf3.o)
 .ARM.attributes
                0x000004ed       0x1d d:/toolchain_supports/arm-gnu-toolchain-12.2.mpacbti-rel1-mingw-w64-i686-arm-none-eabi/bin/../lib/gcc/arm-none-eabi/12.2.1/thumb/v7-m/nofp\libgcc.a(_arm_truncdfsf2.o)
 .ARM.attributes
                0x0000050a       0x1d d:/toolchain_supports/arm-gnu-toolchain-12.2.mpacbti-rel1-mingw-w64-i686-arm-none-eabi/bin/../lib/gcc/arm-none-eabi/12.2.1/thumb/v7-m/nofp\libgcc.a(_arm_addsubsf3.o)
 .ARM.attributes
                0x00000527       0x1d d:/toolchain_supports/arm-gnu-toolchain-12.2.mpacbti-rel1-mingw-w64-i686-arm-none-eabi/bin/../lib/gcc/arm-none-eabi/12.2.1/thumb/v7-m/nofp\libgcc.a(_arm_muldivsf3.o)
 .ARM.attributes
                0x00000544       0x1d d:/toolchain_supports/arm-gnu-toolchain-12.2.mpacbti-rel1-mingw-w64-i686-arm-none-eabi/bin/../lib/gcc/arm-none-eabi/12.2.1/thumb/v7-m/nofp\libgcc.a(_arm_cmpsf2.o)
 .ARM.attributes
                0x00000561       0x1d d:/toolchain_supports/arm-gnu-toolchain-12.2.mpacbti-rel1-mingw-w64-i686-arm-none-eabi/bin/../lib/gcc/arm-none-eabi/12.2.1/thumb/v7-m/nofp\libgcc.a(_arm_fixunssfsi.o)
 .ARM.attributes
                0x0000057e       0x2d d:/toolchain_supports/arm-gnu-toolchain-12.2.mpacbti-rel1-mingw-w64-i686-arm-none-eabi/bin/../lib/gcc/arm-none-eabi/12.2.1/thumb/v7-m/nofp\libg.a(libc_a-memset.o)
 .ARM.attributes
                0x000005ab       0x2d d:/toolchain_supports/arm-gnu-toolchain-12.2.mpacbti-rel1-mingw-w64-i686-arm-none-eabi/bin/../lib/gcc/arm-none-eabi/12.2.1/thumb/v7-m/nofp\libg.a(libc_a-init.o)
 .ARM.attributes
                0x000005d8       0x2d d:/toolchain_supports/arm-gnu-toolchain-12.2.mpacbti-rel1-mingw-w64-i686-arm-none-eabi/bin/../lib/gcc/arm-none-eabi/12.2.1/thumb/v7-m/nofp\libg.a(libc_a-lock.o)
 .ARM.attributes
                0x00000605       0x2d d:/toolchain_supports/arm-gnu-toolchain-12.2.mpacbti-rel1-mingw-w64-i686-arm-none-eabi/bin/../lib/gcc/arm-none-eabi/12.2.1/thumb/v7-m/nofp\libg.a(libc_a-__call_atexit.o)
 .ARM.attributes
                0x00000632       0x2d d:/toolchain_supports/arm-gnu-toolchain-12.2.mpacbti-rel1-mingw-w64-i686-arm-none-eabi/bin/../lib/gcc/arm-none-eabi/12.2.1/thumb/v7-m/nofp\libg.a(libc_a-atexit.o)
 .ARM.attributes
                0x0000065f       0x2d d:/toolchain_supports/arm-gnu-toolchain-12.2.mpacbti-rel1-mingw-w64-i686-arm-none-eabi/bin/../lib/gcc/arm-none-eabi/12.2.1/thumb/v7-m/nofp\libg.a(libc_a-fini.o)
 .ARM.attributes
                0x0000068c       0x2d d:/toolchain_supports/arm-gnu-toolchain-12.2.mpacbti-rel1-mingw-w64-i686-arm-none-eabi/bin/../lib/gcc/arm-none-eabi/12.2.1/thumb/v7-m/nofp\libg.a(libc_a-__atexit.o)
 .ARM.attributes
                0x000006b9       0x2d d:/toolchain_supports/arm-gnu-toolchain-12.2.mpacbti-rel1-mingw-w64-i686-arm-none-eabi/bin/../lib/gcc/arm-none-eabi/12.2.1/thumb/v7-m/nofp/crtend.o
 .ARM.attributes
                0x000006e6       0x1d d:/toolchain_supports/arm-gnu-toolchain-12.2.mpacbti-rel1-mingw-w64-i686-arm-none-eabi/bin/../lib/gcc/arm-none-eabi/12.2.1/thumb/v7-m/nofp/crtn.o
 .ARM.attributes
                0x00000703       0x2d d:/toolchain_supports/arm-gnu-toolchain-12.2.mpacbti-rel1-mingw-w64-i686-arm-none-eabi/bin/../lib/gcc/arm-none-eabi/12.2.1/thumb/v7-m/nofp\libm.a(libm_a-s_cos.o)
 .ARM.attributes
                0x00000730       0x2d d:/toolchain_supports/arm-gnu-toolchain-12.2.mpacbti-rel1-mingw-w64-i686-arm-none-eabi/bin/../lib/gcc/arm-none-eabi/12.2.1/thumb/v7-m/nofp\libm.a(libm_a-s_sin.o)
 .ARM.attributes
                0x0000075d       0x2d d:/toolchain_supports/arm-gnu-toolchain-12.2.mpacbti-rel1-mingw-w64-i686-arm-none-eabi/bin/../lib/gcc/arm-none-eabi/12.2.1/thumb/v7-m/nofp\libm.a(libm_a-k_cos.o)
 .ARM.attributes
                0x0000078a       0x2d d:/toolchain_supports/arm-gnu-toolchain-12.2.mpacbti-rel1-mingw-w64-i686-arm-none-eabi/bin/../lib/gcc/arm-none-eabi/12.2.1/thumb/v7-m/nofp\libm.a(libm_a-k_sin.o)
 .ARM.attributes
                0x000007b7       0x2d d:/toolchain_supports/arm-gnu-toolchain-12.2.mpacbti-rel1-mingw-w64-i686-arm-none-eabi/bin/../lib/gcc/arm-none-eabi/12.2.1/thumb/v7-m/nofp\libm.a(libm_a-e_rem_pio2.o)
 .ARM.attributes
                0x000007e4       0x2d d:/toolchain_supports/arm-gnu-toolchain-12.2.mpacbti-rel1-mingw-w64-i686-arm-none-eabi/bin/../lib/gcc/arm-none-eabi/12.2.1/thumb/v7-m/nofp\libm.a(libm_a-s_fabs.o)
 .ARM.attributes
                0x00000811       0x2d d:/toolchain_supports/arm-gnu-toolchain-12.2.mpacbti-rel1-mingw-w64-i686-arm-none-eabi/bin/../lib/gcc/arm-none-eabi/12.2.1/thumb/v7-m/nofp\libm.a(libm_a-k_rem_pio2.o)
 .ARM.attributes
                0x0000083e       0x2d d:/toolchain_supports/arm-gnu-toolchain-12.2.mpacbti-rel1-mingw-w64-i686-arm-none-eabi/bin/../lib/gcc/arm-none-eabi/12.2.1/thumb/v7-m/nofp\libm.a(libm_a-s_scalbn.o)
 .ARM.attributes
                0x0000086b       0x2d d:/toolchain_supports/arm-gnu-toolchain-12.2.mpacbti-rel1-mingw-w64-i686-arm-none-eabi/bin/../lib/gcc/arm-none-eabi/12.2.1/thumb/v7-m/nofp\libm.a(libm_a-s_floor.o)
 .ARM.attributes
                0x00000898       0x1d d:/toolchain_supports/arm-gnu-toolchain-12.2.mpacbti-rel1-mingw-w64-i686-arm-none-eabi/bin/../lib/gcc/arm-none-eabi/12.2.1/thumb/v7-m/nofp\libgcc.a(_arm_muldf3.o)
 .ARM.attributes
                0x000008b5       0x1d d:/toolchain_supports/arm-gnu-toolchain-12.2.mpacbti-rel1-mingw-w64-i686-arm-none-eabi/bin/../lib/gcc/arm-none-eabi/12.2.1/thumb/v7-m/nofp\libgcc.a(_arm_cmpdf2.o)
 .ARM.attributes
                0x000008d2       0x1d d:/toolchain_supports/arm-gnu-toolchain-12.2.mpacbti-rel1-mingw-w64-i686-arm-none-eabi/bin/../lib/gcc/arm-none-eabi/12.2.1/thumb/v7-m/nofp\libgcc.a(_arm_fixdfsi.o)
OUTPUT(FOC-DRV8323.elf elf32-littlearm)
LOAD linker stubs
LOAD d:/toolchain_supports/arm-gnu-toolchain-12.2.mpacbti-rel1-mingw-w64-i686-arm-none-eabi/bin/../lib/gcc/arm-none-eabi/12.2.1/thumb/v7-m/nofp\libc.a
LOAD d:/toolchain_supports/arm-gnu-toolchain-12.2.mpacbti-rel1-mingw-w64-i686-arm-none-eabi/bin/../lib/gcc/arm-none-eabi/12.2.1/thumb/v7-m/nofp\libm.a
LOAD d:/toolchain_supports/arm-gnu-toolchain-12.2.mpacbti-rel1-mingw-w64-i686-arm-none-eabi/bin/../lib/gcc/arm-none-eabi/12.2.1/thumb/v7-m/nofp\libgcc.a

.debug_info     0x00000000    0x174a1
 .debug_info    0x00000000      0x8d4 CMakeFiles/FOC-DRV8323.elf.dir/Core/Src/adc.c.obj
 .debug_info    0x000008d4      0x2fb CMakeFiles/FOC-DRV8323.elf.dir/Core/Src/dma.c.obj
 .debug_info    0x00000bcf      0x2eb CMakeFiles/FOC-DRV8323.elf.dir/Core/Src/gpio.c.obj
 .debug_info    0x00000eba      0x857 CMakeFiles/FOC-DRV8323.elf.dir/Core/Src/i2c.c.obj
 .debug_info    0x00001711      0xf1c CMakeFiles/FOC-DRV8323.elf.dir/Core/Src/main.c.obj
 .debug_info    0x0000262d      0x1f4 CMakeFiles/FOC-DRV8323.elf.dir/Core/Src/stm32f1xx_hal_msp.c.obj
 .debug_info    0x00002821      0x6f0 CMakeFiles/FOC-DRV8323.elf.dir/Core/Src/stm32f1xx_it.c.obj
 .debug_info    0x00002f11      0x22d CMakeFiles/FOC-DRV8323.elf.dir/Core/Src/system_stm32f1xx.c.obj
 .debug_info    0x0000313e      0xeff CMakeFiles/FOC-DRV8323.elf.dir/Core/Src/tim.c.obj
 .debug_info    0x0000403d      0x80d CMakeFiles/FOC-DRV8323.elf.dir/Core/Src/usart.c.obj
 .debug_info    0x0000484a       0x30 CMakeFiles/FOC-DRV8323.elf.dir/Core/Startup/startup_stm32f103c8tx.s.obj
 .debug_info    0x0000487a      0x7a2 CMakeFiles/FOC-DRV8323.elf.dir/Drivers/STM32F1xx_HAL_Driver/Src/stm32f1xx_hal.c.obj
 .debug_info    0x0000501c      0xed9 CMakeFiles/FOC-DRV8323.elf.dir/Drivers/STM32F1xx_HAL_Driver/Src/stm32f1xx_hal_adc.c.obj
 .debug_info    0x00005ef5      0xcad CMakeFiles/FOC-DRV8323.elf.dir/Drivers/STM32F1xx_HAL_Driver/Src/stm32f1xx_hal_cortex.c.obj
 .debug_info    0x00006ba2      0x7da CMakeFiles/FOC-DRV8323.elf.dir/Drivers/STM32F1xx_HAL_Driver/Src/stm32f1xx_hal_dma.c.obj
 .debug_info    0x0000737c      0x604 CMakeFiles/FOC-DRV8323.elf.dir/Drivers/STM32F1xx_HAL_Driver/Src/stm32f1xx_hal_gpio.c.obj
 .debug_info    0x00007980     0x38b7 CMakeFiles/FOC-DRV8323.elf.dir/Drivers/STM32F1xx_HAL_Driver/Src/stm32f1xx_hal_i2c.c.obj
 .debug_info    0x0000b237      0x9c7 CMakeFiles/FOC-DRV8323.elf.dir/Drivers/STM32F1xx_HAL_Driver/Src/stm32f1xx_hal_rcc.c.obj
 .debug_info    0x0000bbfe      0x420 CMakeFiles/FOC-DRV8323.elf.dir/Drivers/STM32F1xx_HAL_Driver/Src/stm32f1xx_hal_rcc_ex.c.obj
 .debug_info    0x0000c01e     0x3b74 CMakeFiles/FOC-DRV8323.elf.dir/Drivers/STM32F1xx_HAL_Driver/Src/stm32f1xx_hal_tim.c.obj
 .debug_info    0x0000fb92     0x1a88 CMakeFiles/FOC-DRV8323.elf.dir/Drivers/STM32F1xx_HAL_Driver/Src/stm32f1xx_hal_tim_ex.c.obj
 .debug_info    0x0001161a     0x404c CMakeFiles/FOC-DRV8323.elf.dir/Drivers/STM32F1xx_HAL_Driver/Src/stm32f1xx_hal_uart.c.obj
 .debug_info    0x00015666      0x7f6 CMakeFiles/FOC-DRV8323.elf.dir/Hardware/AS5600.c.obj
 .debug_info    0x00015e5c      0x18e CMakeFiles/FOC-DRV8323.elf.dir/Hardware/drv8323.c.obj
 .debug_info    0x00015fea     0x1148 CMakeFiles/FOC-DRV8323.elf.dir/Hardware/foc_ctrl.c.obj
 .debug_info    0x00017132      0x36f CMakeFiles/FOC-DRV8323.elf.dir/Hardware/pid.c.obj

.debug_abbrev   0x00000000     0x3405
 .debug_abbrev  0x00000000      0x207 CMakeFiles/FOC-DRV8323.elf.dir/Core/Src/adc.c.obj
 .debug_abbrev  0x00000207      0x119 CMakeFiles/FOC-DRV8323.elf.dir/Core/Src/dma.c.obj
 .debug_abbrev  0x00000320      0x151 CMakeFiles/FOC-DRV8323.elf.dir/Core/Src/gpio.c.obj
 .debug_abbrev  0x00000471      0x1fc CMakeFiles/FOC-DRV8323.elf.dir/Core/Src/i2c.c.obj
 .debug_abbrev  0x0000066d      0x2e8 CMakeFiles/FOC-DRV8323.elf.dir/Core/Src/main.c.obj
 .debug_abbrev  0x00000955       0xed CMakeFiles/FOC-DRV8323.elf.dir/Core/Src/stm32f1xx_hal_msp.c.obj
 .debug_abbrev  0x00000a42      0x19d CMakeFiles/FOC-DRV8323.elf.dir/Core/Src/stm32f1xx_it.c.obj
 .debug_abbrev  0x00000bdf      0x143 CMakeFiles/FOC-DRV8323.elf.dir/Core/Src/system_stm32f1xx.c.obj
 .debug_abbrev  0x00000d22      0x275 CMakeFiles/FOC-DRV8323.elf.dir/Core/Src/tim.c.obj
 .debug_abbrev  0x00000f97      0x204 CMakeFiles/FOC-DRV8323.elf.dir/Core/Src/usart.c.obj
 .debug_abbrev  0x0000119b       0x24 CMakeFiles/FOC-DRV8323.elf.dir/Core/Startup/startup_stm32f103c8tx.s.obj
 .debug_abbrev  0x000011bf      0x22d CMakeFiles/FOC-DRV8323.elf.dir/Drivers/STM32F1xx_HAL_Driver/Src/stm32f1xx_hal.c.obj
 .debug_abbrev  0x000013ec      0x252 CMakeFiles/FOC-DRV8323.elf.dir/Drivers/STM32F1xx_HAL_Driver/Src/stm32f1xx_hal_adc.c.obj
 .debug_abbrev  0x0000163e      0x36d CMakeFiles/FOC-DRV8323.elf.dir/Drivers/STM32F1xx_HAL_Driver/Src/stm32f1xx_hal_cortex.c.obj
 .debug_abbrev  0x000019ab      0x244 CMakeFiles/FOC-DRV8323.elf.dir/Drivers/STM32F1xx_HAL_Driver/Src/stm32f1xx_hal_dma.c.obj
 .debug_abbrev  0x00001bef      0x1f7 CMakeFiles/FOC-DRV8323.elf.dir/Drivers/STM32F1xx_HAL_Driver/Src/stm32f1xx_hal_gpio.c.obj
 .debug_abbrev  0x00001de6      0x2be CMakeFiles/FOC-DRV8323.elf.dir/Drivers/STM32F1xx_HAL_Driver/Src/stm32f1xx_hal_i2c.c.obj
 .debug_abbrev  0x000020a4      0x2a0 CMakeFiles/FOC-DRV8323.elf.dir/Drivers/STM32F1xx_HAL_Driver/Src/stm32f1xx_hal_rcc.c.obj
 .debug_abbrev  0x00002344      0x1d8 CMakeFiles/FOC-DRV8323.elf.dir/Drivers/STM32F1xx_HAL_Driver/Src/stm32f1xx_hal_rcc_ex.c.obj
 .debug_abbrev  0x0000251c      0x270 CMakeFiles/FOC-DRV8323.elf.dir/Drivers/STM32F1xx_HAL_Driver/Src/stm32f1xx_hal_tim.c.obj
 .debug_abbrev  0x0000278c      0x26e CMakeFiles/FOC-DRV8323.elf.dir/Drivers/STM32F1xx_HAL_Driver/Src/stm32f1xx_hal_tim_ex.c.obj
 .debug_abbrev  0x000029fa      0x31c CMakeFiles/FOC-DRV8323.elf.dir/Drivers/STM32F1xx_HAL_Driver/Src/stm32f1xx_hal_uart.c.obj
 .debug_abbrev  0x00002d16      0x1f5 CMakeFiles/FOC-DRV8323.elf.dir/Hardware/AS5600.c.obj
 .debug_abbrev  0x00002f0b       0xf0 CMakeFiles/FOC-DRV8323.elf.dir/Hardware/drv8323.c.obj
 .debug_abbrev  0x00002ffb      0x2d8 CMakeFiles/FOC-DRV8323.elf.dir/Hardware/foc_ctrl.c.obj
 .debug_abbrev  0x000032d3      0x132 CMakeFiles/FOC-DRV8323.elf.dir/Hardware/pid.c.obj

.debug_loclists
                0x00000000     0xbfe8
 .debug_loclists
                0x00000000       0x50 CMakeFiles/FOC-DRV8323.elf.dir/Core/Src/adc.c.obj
 .debug_loclists
                0x00000050       0x4b CMakeFiles/FOC-DRV8323.elf.dir/Core/Src/i2c.c.obj
 .debug_loclists
                0x0000009b       0x72 CMakeFiles/FOC-DRV8323.elf.dir/Core/Src/main.c.obj
 .debug_loclists
                0x0000010d       0x17 CMakeFiles/FOC-DRV8323.elf.dir/Core/Src/stm32f1xx_hal_msp.c.obj
 .debug_loclists
                0x00000124       0xa5 CMakeFiles/FOC-DRV8323.elf.dir/Core/Src/system_stm32f1xx.c.obj
 .debug_loclists
                0x000001c9       0xb7 CMakeFiles/FOC-DRV8323.elf.dir/Core/Src/tim.c.obj
 .debug_loclists
                0x00000280       0x5c CMakeFiles/FOC-DRV8323.elf.dir/Core/Src/usart.c.obj
 .debug_loclists
                0x000002dc       0xc9 CMakeFiles/FOC-DRV8323.elf.dir/Drivers/STM32F1xx_HAL_Driver/Src/stm32f1xx_hal.c.obj
 .debug_loclists
                0x000003a5      0x71f CMakeFiles/FOC-DRV8323.elf.dir/Drivers/STM32F1xx_HAL_Driver/Src/stm32f1xx_hal_adc.c.obj
 .debug_loclists
                0x00000ac4      0x422 CMakeFiles/FOC-DRV8323.elf.dir/Drivers/STM32F1xx_HAL_Driver/Src/stm32f1xx_hal_cortex.c.obj
 .debug_loclists
                0x00000ee6      0x4c7 CMakeFiles/FOC-DRV8323.elf.dir/Drivers/STM32F1xx_HAL_Driver/Src/stm32f1xx_hal_dma.c.obj
 .debug_loclists
                0x000013ad      0x2e8 CMakeFiles/FOC-DRV8323.elf.dir/Drivers/STM32F1xx_HAL_Driver/Src/stm32f1xx_hal_gpio.c.obj
 .debug_loclists
                0x00001695     0x2b7b CMakeFiles/FOC-DRV8323.elf.dir/Drivers/STM32F1xx_HAL_Driver/Src/stm32f1xx_hal_i2c.c.obj
 .debug_loclists
                0x00004210      0x3f8 CMakeFiles/FOC-DRV8323.elf.dir/Drivers/STM32F1xx_HAL_Driver/Src/stm32f1xx_hal_rcc.c.obj
 .debug_loclists
                0x00004608      0x2c5 CMakeFiles/FOC-DRV8323.elf.dir/Drivers/STM32F1xx_HAL_Driver/Src/stm32f1xx_hal_rcc_ex.c.obj
 .debug_loclists
                0x000048cd     0x3332 CMakeFiles/FOC-DRV8323.elf.dir/Drivers/STM32F1xx_HAL_Driver/Src/stm32f1xx_hal_tim.c.obj
 .debug_loclists
                0x00007bff     0x124c CMakeFiles/FOC-DRV8323.elf.dir/Drivers/STM32F1xx_HAL_Driver/Src/stm32f1xx_hal_tim_ex.c.obj
 .debug_loclists
                0x00008e4b     0x2af9 CMakeFiles/FOC-DRV8323.elf.dir/Drivers/STM32F1xx_HAL_Driver/Src/stm32f1xx_hal_uart.c.obj
 .debug_loclists
                0x0000b944       0xd5 CMakeFiles/FOC-DRV8323.elf.dir/Hardware/AS5600.c.obj
 .debug_loclists
                0x0000ba19      0x532 CMakeFiles/FOC-DRV8323.elf.dir/Hardware/foc_ctrl.c.obj
 .debug_loclists
                0x0000bf4b       0x9d CMakeFiles/FOC-DRV8323.elf.dir/Hardware/pid.c.obj

.debug_aranges  0x00000000     0x1138
 .debug_aranges
                0x00000000       0x30 CMakeFiles/FOC-DRV8323.elf.dir/Core/Src/adc.c.obj
 .debug_aranges
                0x00000030       0x20 CMakeFiles/FOC-DRV8323.elf.dir/Core/Src/dma.c.obj
 .debug_aranges
                0x00000050       0x20 CMakeFiles/FOC-DRV8323.elf.dir/Core/Src/gpio.c.obj
 .debug_aranges
                0x00000070       0x30 CMakeFiles/FOC-DRV8323.elf.dir/Core/Src/i2c.c.obj
 .debug_aranges
                0x000000a0       0x38 CMakeFiles/FOC-DRV8323.elf.dir/Core/Src/main.c.obj
 .debug_aranges
                0x000000d8       0x20 CMakeFiles/FOC-DRV8323.elf.dir/Core/Src/stm32f1xx_hal_msp.c.obj
 .debug_aranges
                0x000000f8       0x70 CMakeFiles/FOC-DRV8323.elf.dir/Core/Src/stm32f1xx_it.c.obj
 .debug_aranges
                0x00000168       0x28 CMakeFiles/FOC-DRV8323.elf.dir/Core/Src/system_stm32f1xx.c.obj
 .debug_aranges
                0x00000190       0x40 CMakeFiles/FOC-DRV8323.elf.dir/Core/Src/tim.c.obj
 .debug_aranges
                0x000001d0       0x30 CMakeFiles/FOC-DRV8323.elf.dir/Core/Src/usart.c.obj
 .debug_aranges
                0x00000200       0x28 CMakeFiles/FOC-DRV8323.elf.dir/Core/Startup/startup_stm32f103c8tx.s.obj
 .debug_aranges
                0x00000228       0xe0 CMakeFiles/FOC-DRV8323.elf.dir/Drivers/STM32F1xx_HAL_Driver/Src/stm32f1xx_hal.c.obj
 .debug_aranges
                0x00000308       0xf0 CMakeFiles/FOC-DRV8323.elf.dir/Drivers/STM32F1xx_HAL_Driver/Src/stm32f1xx_hal_adc.c.obj
 .debug_aranges
                0x000003f8       0xc0 CMakeFiles/FOC-DRV8323.elf.dir/Drivers/STM32F1xx_HAL_Driver/Src/stm32f1xx_hal_cortex.c.obj
 .debug_aranges
                0x000004b8       0x80 CMakeFiles/FOC-DRV8323.elf.dir/Drivers/STM32F1xx_HAL_Driver/Src/stm32f1xx_hal_dma.c.obj
 .debug_aranges
                0x00000538       0x58 CMakeFiles/FOC-DRV8323.elf.dir/Drivers/STM32F1xx_HAL_Driver/Src/stm32f1xx_hal_gpio.c.obj
 .debug_aranges
                0x00000590      0x2a8 CMakeFiles/FOC-DRV8323.elf.dir/Drivers/STM32F1xx_HAL_Driver/Src/stm32f1xx_hal_i2c.c.obj
 .debug_aranges
                0x00000838       0x90 CMakeFiles/FOC-DRV8323.elf.dir/Drivers/STM32F1xx_HAL_Driver/Src/stm32f1xx_hal_rcc.c.obj
 .debug_aranges
                0x000008c8       0x30 CMakeFiles/FOC-DRV8323.elf.dir/Drivers/STM32F1xx_HAL_Driver/Src/stm32f1xx_hal_rcc_ex.c.obj
 .debug_aranges
                0x000008f8      0x3d0 CMakeFiles/FOC-DRV8323.elf.dir/Drivers/STM32F1xx_HAL_Driver/Src/stm32f1xx_hal_tim.c.obj
 .debug_aranges
                0x00000cc8      0x168 CMakeFiles/FOC-DRV8323.elf.dir/Drivers/STM32F1xx_HAL_Driver/Src/stm32f1xx_hal_tim_ex.c.obj
 .debug_aranges
                0x00000e30      0x208 CMakeFiles/FOC-DRV8323.elf.dir/Drivers/STM32F1xx_HAL_Driver/Src/stm32f1xx_hal_uart.c.obj
 .debug_aranges
                0x00001038       0x30 CMakeFiles/FOC-DRV8323.elf.dir/Hardware/AS5600.c.obj
 .debug_aranges
                0x00001068       0x20 CMakeFiles/FOC-DRV8323.elf.dir/Hardware/drv8323.c.obj
 .debug_aranges
                0x00001088       0x80 CMakeFiles/FOC-DRV8323.elf.dir/Hardware/foc_ctrl.c.obj
 .debug_aranges
                0x00001108       0x30 CMakeFiles/FOC-DRV8323.elf.dir/Hardware/pid.c.obj

.debug_rnglists
                0x00000000      0xd45
 .debug_rnglists
                0x00000000       0x20 CMakeFiles/FOC-DRV8323.elf.dir/Core/Src/adc.c.obj
 .debug_rnglists
                0x00000020       0x13 CMakeFiles/FOC-DRV8323.elf.dir/Core/Src/dma.c.obj
 .debug_rnglists
                0x00000033       0x13 CMakeFiles/FOC-DRV8323.elf.dir/Core/Src/gpio.c.obj
 .debug_rnglists
                0x00000046       0x1f CMakeFiles/FOC-DRV8323.elf.dir/Core/Src/i2c.c.obj
 .debug_rnglists
                0x00000065       0x33 CMakeFiles/FOC-DRV8323.elf.dir/Core/Src/main.c.obj
 .debug_rnglists
                0x00000098       0x13 CMakeFiles/FOC-DRV8323.elf.dir/Core/Src/stm32f1xx_hal_msp.c.obj
 .debug_rnglists
                0x000000ab       0x4f CMakeFiles/FOC-DRV8323.elf.dir/Core/Src/stm32f1xx_it.c.obj
 .debug_rnglists
                0x000000fa       0x1a CMakeFiles/FOC-DRV8323.elf.dir/Core/Src/system_stm32f1xx.c.obj
 .debug_rnglists
                0x00000114       0x2d CMakeFiles/FOC-DRV8323.elf.dir/Core/Src/tim.c.obj
 .debug_rnglists
                0x00000141       0x1f CMakeFiles/FOC-DRV8323.elf.dir/Core/Src/usart.c.obj
 .debug_rnglists
                0x00000160       0x19 CMakeFiles/FOC-DRV8323.elf.dir/Core/Startup/startup_stm32f103c8tx.s.obj
 .debug_rnglists
                0x00000179       0xa3 CMakeFiles/FOC-DRV8323.elf.dir/Drivers/STM32F1xx_HAL_Driver/Src/stm32f1xx_hal.c.obj
 .debug_rnglists
                0x0000021c       0xb8 CMakeFiles/FOC-DRV8323.elf.dir/Drivers/STM32F1xx_HAL_Driver/Src/stm32f1xx_hal_adc.c.obj
 .debug_rnglists
                0x000002d4       0x8b CMakeFiles/FOC-DRV8323.elf.dir/Drivers/STM32F1xx_HAL_Driver/Src/stm32f1xx_hal_cortex.c.obj
 .debug_rnglists
                0x0000035f       0x5e CMakeFiles/FOC-DRV8323.elf.dir/Drivers/STM32F1xx_HAL_Driver/Src/stm32f1xx_hal_dma.c.obj
 .debug_rnglists
                0x000003bd       0x3f CMakeFiles/FOC-DRV8323.elf.dir/Drivers/STM32F1xx_HAL_Driver/Src/stm32f1xx_hal_gpio.c.obj
 .debug_rnglists
                0x000003fc      0x236 CMakeFiles/FOC-DRV8323.elf.dir/Drivers/STM32F1xx_HAL_Driver/Src/stm32f1xx_hal_i2c.c.obj
 .debug_rnglists
                0x00000632       0x7d CMakeFiles/FOC-DRV8323.elf.dir/Drivers/STM32F1xx_HAL_Driver/Src/stm32f1xx_hal_rcc.c.obj
 .debug_rnglists
                0x000006af       0x2f CMakeFiles/FOC-DRV8323.elf.dir/Drivers/STM32F1xx_HAL_Driver/Src/stm32f1xx_hal_rcc_ex.c.obj
 .debug_rnglists
                0x000006de      0x2fe CMakeFiles/FOC-DRV8323.elf.dir/Drivers/STM32F1xx_HAL_Driver/Src/stm32f1xx_hal_tim.c.obj
 .debug_rnglists
                0x000009dc      0x11a CMakeFiles/FOC-DRV8323.elf.dir/Drivers/STM32F1xx_HAL_Driver/Src/stm32f1xx_hal_tim_ex.c.obj
 .debug_rnglists
                0x00000af6      0x1a1 CMakeFiles/FOC-DRV8323.elf.dir/Drivers/STM32F1xx_HAL_Driver/Src/stm32f1xx_hal_uart.c.obj
 .debug_rnglists
                0x00000c97       0x1f CMakeFiles/FOC-DRV8323.elf.dir/Hardware/AS5600.c.obj
 .debug_rnglists
                0x00000cb6       0x13 CMakeFiles/FOC-DRV8323.elf.dir/Hardware/drv8323.c.obj
 .debug_rnglists
                0x00000cc9       0x5c CMakeFiles/FOC-DRV8323.elf.dir/Hardware/foc_ctrl.c.obj
 .debug_rnglists
                0x00000d25       0x20 CMakeFiles/FOC-DRV8323.elf.dir/Hardware/pid.c.obj

.debug_line     0x00000000    0x173c1
 .debug_line    0x00000000      0x416 CMakeFiles/FOC-DRV8323.elf.dir/Core/Src/adc.c.obj
 .debug_line    0x00000416      0x225 CMakeFiles/FOC-DRV8323.elf.dir/Core/Src/dma.c.obj
 .debug_line    0x0000063b      0x258 CMakeFiles/FOC-DRV8323.elf.dir/Core/Src/gpio.c.obj
 .debug_line    0x00000893      0x37d CMakeFiles/FOC-DRV8323.elf.dir/Core/Src/i2c.c.obj
 .debug_line    0x00000c10      0x545 CMakeFiles/FOC-DRV8323.elf.dir/Core/Src/main.c.obj
 .debug_line    0x00001155      0x1e5 CMakeFiles/FOC-DRV8323.elf.dir/Core/Src/stm32f1xx_hal_msp.c.obj
 .debug_line    0x0000133a      0x38c CMakeFiles/FOC-DRV8323.elf.dir/Core/Src/stm32f1xx_it.c.obj
 .debug_line    0x000016c6      0x2ae CMakeFiles/FOC-DRV8323.elf.dir/Core/Src/system_stm32f1xx.c.obj
 .debug_line    0x00001974      0x554 CMakeFiles/FOC-DRV8323.elf.dir/Core/Src/tim.c.obj
 .debug_line    0x00001ec8      0x397 CMakeFiles/FOC-DRV8323.elf.dir/Core/Src/usart.c.obj
 .debug_line    0x0000225f       0x78 CMakeFiles/FOC-DRV8323.elf.dir/Core/Startup/startup_stm32f103c8tx.s.obj
 .debug_line    0x000022d7      0x5d2 CMakeFiles/FOC-DRV8323.elf.dir/Drivers/STM32F1xx_HAL_Driver/Src/stm32f1xx_hal.c.obj
 .debug_line    0x000028a9      0xf59 CMakeFiles/FOC-DRV8323.elf.dir/Drivers/STM32F1xx_HAL_Driver/Src/stm32f1xx_hal_adc.c.obj
 .debug_line    0x00003802      0x757 CMakeFiles/FOC-DRV8323.elf.dir/Drivers/STM32F1xx_HAL_Driver/Src/stm32f1xx_hal_cortex.c.obj
 .debug_line    0x00003f59      0xae0 CMakeFiles/FOC-DRV8323.elf.dir/Drivers/STM32F1xx_HAL_Driver/Src/stm32f1xx_hal_dma.c.obj
 .debug_line    0x00004a39      0x631 CMakeFiles/FOC-DRV8323.elf.dir/Drivers/STM32F1xx_HAL_Driver/Src/stm32f1xx_hal_gpio.c.obj
 .debug_line    0x0000506a     0x56d6 CMakeFiles/FOC-DRV8323.elf.dir/Drivers/STM32F1xx_HAL_Driver/Src/stm32f1xx_hal_i2c.c.obj
 .debug_line    0x0000a740      0xc9c CMakeFiles/FOC-DRV8323.elf.dir/Drivers/STM32F1xx_HAL_Driver/Src/stm32f1xx_hal_rcc.c.obj
 .debug_line    0x0000b3dc      0x511 CMakeFiles/FOC-DRV8323.elf.dir/Drivers/STM32F1xx_HAL_Driver/Src/stm32f1xx_hal_rcc_ex.c.obj
 .debug_line    0x0000b8ed     0x498d CMakeFiles/FOC-DRV8323.elf.dir/Drivers/STM32F1xx_HAL_Driver/Src/stm32f1xx_hal_tim.c.obj
 .debug_line    0x0001027a     0x1cd8 CMakeFiles/FOC-DRV8323.elf.dir/Drivers/STM32F1xx_HAL_Driver/Src/stm32f1xx_hal_tim_ex.c.obj
 .debug_line    0x00011f52     0x4450 CMakeFiles/FOC-DRV8323.elf.dir/Drivers/STM32F1xx_HAL_Driver/Src/stm32f1xx_hal_uart.c.obj
 .debug_line    0x000163a2      0x2e1 CMakeFiles/FOC-DRV8323.elf.dir/Hardware/AS5600.c.obj
 .debug_line    0x00016683      0x21e CMakeFiles/FOC-DRV8323.elf.dir/Hardware/drv8323.c.obj
 .debug_line    0x000168a1      0x76b CMakeFiles/FOC-DRV8323.elf.dir/Hardware/foc_ctrl.c.obj
 .debug_line    0x0001700c      0x3b5 CMakeFiles/FOC-DRV8323.elf.dir/Hardware/pid.c.obj

.debug_str      0x00000000     0x4e80
 .debug_str     0x00000000      0x5e6 CMakeFiles/FOC-DRV8323.elf.dir/Core/Src/adc.c.obj
                                0x681 (size before relaxing)
 .debug_str     0x000005e6      0x340 CMakeFiles/FOC-DRV8323.elf.dir/Core/Src/dma.c.obj
                                0x514 (size before relaxing)
 .debug_str     0x00000926       0x77 CMakeFiles/FOC-DRV8323.elf.dir/Core/Src/gpio.c.obj
                                0x2b5 (size before relaxing)
 .debug_str     0x0000099d      0x2e3 CMakeFiles/FOC-DRV8323.elf.dir/Core/Src/i2c.c.obj
                                0x770 (size before relaxing)
 .debug_str     0x00000c80      0x887 CMakeFiles/FOC-DRV8323.elf.dir/Core/Src/main.c.obj
                                0xcff (size before relaxing)
 .debug_str     0x00001507       0x75 CMakeFiles/FOC-DRV8323.elf.dir/Core/Src/stm32f1xx_hal_msp.c.obj
                                0x249 (size before relaxing)
 .debug_str     0x0000157c      0x121 CMakeFiles/FOC-DRV8323.elf.dir/Core/Src/stm32f1xx_it.c.obj
                                0x773 (size before relaxing)
 .debug_str     0x0000169d       0x99 CMakeFiles/FOC-DRV8323.elf.dir/Core/Src/system_stm32f1xx.c.obj
                                0x27e (size before relaxing)
 .debug_str     0x00001736      0x219 CMakeFiles/FOC-DRV8323.elf.dir/Core/Src/tim.c.obj
                                0xcb3 (size before relaxing)
 .debug_str     0x0000194f       0x6c CMakeFiles/FOC-DRV8323.elf.dir/Core/Src/usart.c.obj
                                0x6fc (size before relaxing)
 .debug_str     0x000019bb       0x5f CMakeFiles/FOC-DRV8323.elf.dir/Core/Startup/startup_stm32f103c8tx.s.obj
                                 0x8f (size before relaxing)
 .debug_str     0x00001a1a      0x30d CMakeFiles/FOC-DRV8323.elf.dir/Drivers/STM32F1xx_HAL_Driver/Src/stm32f1xx_hal.c.obj
                                0x858 (size before relaxing)
 .debug_str     0x00001d27      0x350 CMakeFiles/FOC-DRV8323.elf.dir/Drivers/STM32F1xx_HAL_Driver/Src/stm32f1xx_hal_adc.c.obj
                                0x904 (size before relaxing)
 .debug_str     0x00002077      0x3af CMakeFiles/FOC-DRV8323.elf.dir/Drivers/STM32F1xx_HAL_Driver/Src/stm32f1xx_hal_cortex.c.obj
                                0x8fd (size before relaxing)
 .debug_str     0x00002426      0x20c CMakeFiles/FOC-DRV8323.elf.dir/Drivers/STM32F1xx_HAL_Driver/Src/stm32f1xx_hal_dma.c.obj
                                0x627 (size before relaxing)
 .debug_str     0x00002632      0x122 CMakeFiles/FOC-DRV8323.elf.dir/Drivers/STM32F1xx_HAL_Driver/Src/stm32f1xx_hal_gpio.c.obj
                                0x42a (size before relaxing)
 .debug_str     0x00002754      0x8de CMakeFiles/FOC-DRV8323.elf.dir/Drivers/STM32F1xx_HAL_Driver/Src/stm32f1xx_hal_i2c.c.obj
                                0xfef (size before relaxing)
 .debug_str     0x00003032      0x1e0 CMakeFiles/FOC-DRV8323.elf.dir/Drivers/STM32F1xx_HAL_Driver/Src/stm32f1xx_hal_rcc.c.obj
                                0x655 (size before relaxing)
 .debug_str     0x00003212       0x9f CMakeFiles/FOC-DRV8323.elf.dir/Drivers/STM32F1xx_HAL_Driver/Src/stm32f1xx_hal_rcc_ex.c.obj
                                0x3fd (size before relaxing)
 .debug_str     0x000032b1      0xddc CMakeFiles/FOC-DRV8323.elf.dir/Drivers/STM32F1xx_HAL_Driver/Src/stm32f1xx_hal_tim.c.obj
                               0x169f (size before relaxing)
 .debug_str     0x0000408d      0x509 CMakeFiles/FOC-DRV8323.elf.dir/Drivers/STM32F1xx_HAL_Driver/Src/stm32f1xx_hal_tim_ex.c.obj
                                0xebb (size before relaxing)
 .debug_str     0x00004596      0x612 CMakeFiles/FOC-DRV8323.elf.dir/Drivers/STM32F1xx_HAL_Driver/Src/stm32f1xx_hal_uart.c.obj
                                0xd1e (size before relaxing)
 .debug_str     0x00004ba8       0x9d CMakeFiles/FOC-DRV8323.elf.dir/Hardware/AS5600.c.obj
                                0x73f (size before relaxing)
 .debug_str     0x00004c45       0x31 CMakeFiles/FOC-DRV8323.elf.dir/Hardware/drv8323.c.obj
                                0x233 (size before relaxing)
 .debug_str     0x00004c76      0x1ca CMakeFiles/FOC-DRV8323.elf.dir/Hardware/foc_ctrl.c.obj
                                0x98d (size before relaxing)
 .debug_str     0x00004e40       0x40 CMakeFiles/FOC-DRV8323.elf.dir/Hardware/pid.c.obj
                                0x284 (size before relaxing)

.comment        0x00000000       0x55
 .comment       0x00000000       0x55 CMakeFiles/FOC-DRV8323.elf.dir/Core/Src/adc.c.obj
                                 0x56 (size before relaxing)
 .comment       0x00000055       0x56 CMakeFiles/FOC-DRV8323.elf.dir/Core/Src/dma.c.obj
 .comment       0x00000055       0x56 CMakeFiles/FOC-DRV8323.elf.dir/Core/Src/gpio.c.obj
 .comment       0x00000055       0x56 CMakeFiles/FOC-DRV8323.elf.dir/Core/Src/i2c.c.obj
 .comment       0x00000055       0x56 CMakeFiles/FOC-DRV8323.elf.dir/Core/Src/main.c.obj
 .comment       0x00000055       0x56 CMakeFiles/FOC-DRV8323.elf.dir/Core/Src/stm32f1xx_hal_msp.c.obj
 .comment       0x00000055       0x56 CMakeFiles/FOC-DRV8323.elf.dir/Core/Src/stm32f1xx_it.c.obj
 .comment       0x00000055       0x56 CMakeFiles/FOC-DRV8323.elf.dir/Core/Src/system_stm32f1xx.c.obj
 .comment       0x00000055       0x56 CMakeFiles/FOC-DRV8323.elf.dir/Core/Src/tim.c.obj
 .comment       0x00000055       0x56 CMakeFiles/FOC-DRV8323.elf.dir/Core/Src/usart.c.obj
 .comment       0x00000055       0x56 CMakeFiles/FOC-DRV8323.elf.dir/Drivers/STM32F1xx_HAL_Driver/Src/stm32f1xx_hal.c.obj
 .comment       0x00000055       0x56 CMakeFiles/FOC-DRV8323.elf.dir/Drivers/STM32F1xx_HAL_Driver/Src/stm32f1xx_hal_adc.c.obj
 .comment       0x00000055       0x56 CMakeFiles/FOC-DRV8323.elf.dir/Drivers/STM32F1xx_HAL_Driver/Src/stm32f1xx_hal_cortex.c.obj
 .comment       0x00000055       0x56 CMakeFiles/FOC-DRV8323.elf.dir/Drivers/STM32F1xx_HAL_Driver/Src/stm32f1xx_hal_dma.c.obj
 .comment       0x00000055       0x56 CMakeFiles/FOC-DRV8323.elf.dir/Drivers/STM32F1xx_HAL_Driver/Src/stm32f1xx_hal_gpio.c.obj
 .comment       0x00000055       0x56 CMakeFiles/FOC-DRV8323.elf.dir/Drivers/STM32F1xx_HAL_Driver/Src/stm32f1xx_hal_i2c.c.obj
 .comment       0x00000055       0x56 CMakeFiles/FOC-DRV8323.elf.dir/Drivers/STM32F1xx_HAL_Driver/Src/stm32f1xx_hal_rcc.c.obj
 .comment       0x00000055       0x56 CMakeFiles/FOC-DRV8323.elf.dir/Drivers/STM32F1xx_HAL_Driver/Src/stm32f1xx_hal_rcc_ex.c.obj
 .comment       0x00000055       0x56 CMakeFiles/FOC-DRV8323.elf.dir/Drivers/STM32F1xx_HAL_Driver/Src/stm32f1xx_hal_tim.c.obj
 .comment       0x00000055       0x56 CMakeFiles/FOC-DRV8323.elf.dir/Drivers/STM32F1xx_HAL_Driver/Src/stm32f1xx_hal_tim_ex.c.obj
 .comment       0x00000055       0x56 CMakeFiles/FOC-DRV8323.elf.dir/Drivers/STM32F1xx_HAL_Driver/Src/stm32f1xx_hal_uart.c.obj
 .comment       0x00000055       0x56 CMakeFiles/FOC-DRV8323.elf.dir/Hardware/AS5600.c.obj
 .comment       0x00000055       0x56 CMakeFiles/FOC-DRV8323.elf.dir/Hardware/drv8323.c.obj
 .comment       0x00000055       0x56 CMakeFiles/FOC-DRV8323.elf.dir/Hardware/foc_ctrl.c.obj
 .comment       0x00000055       0x56 CMakeFiles/FOC-DRV8323.elf.dir/Hardware/pid.c.obj

.debug_frame    0x00000000     0x3644
 .debug_frame   0x00000000       0x68 CMakeFiles/FOC-DRV8323.elf.dir/Core/Src/adc.c.obj
 .debug_frame   0x00000068       0x2c CMakeFiles/FOC-DRV8323.elf.dir/Core/Src/dma.c.obj
 .debug_frame   0x00000094       0x30 CMakeFiles/FOC-DRV8323.elf.dir/Core/Src/gpio.c.obj
 .debug_frame   0x000000c4       0x60 CMakeFiles/FOC-DRV8323.elf.dir/Core/Src/i2c.c.obj
 .debug_frame   0x00000124       0x78 CMakeFiles/FOC-DRV8323.elf.dir/Core/Src/main.c.obj
 .debug_frame   0x0000019c       0x28 CMakeFiles/FOC-DRV8323.elf.dir/Core/Src/stm32f1xx_hal_msp.c.obj
 .debug_frame   0x000001c4       0xd8 CMakeFiles/FOC-DRV8323.elf.dir/Core/Src/stm32f1xx_it.c.obj
 .debug_frame   0x0000029c       0x30 CMakeFiles/FOC-DRV8323.elf.dir/Core/Src/system_stm32f1xx.c.obj
 .debug_frame   0x000002cc       0xa8 CMakeFiles/FOC-DRV8323.elf.dir/Core/Src/tim.c.obj
 .debug_frame   0x00000374       0x60 CMakeFiles/FOC-DRV8323.elf.dir/Core/Src/usart.c.obj
 .debug_frame   0x000003d4      0x1cc CMakeFiles/FOC-DRV8323.elf.dir/Drivers/STM32F1xx_HAL_Driver/Src/stm32f1xx_hal.c.obj
 .debug_frame   0x000005a0      0x2c8 CMakeFiles/FOC-DRV8323.elf.dir/Drivers/STM32F1xx_HAL_Driver/Src/stm32f1xx_hal_adc.c.obj
 .debug_frame   0x00000868      0x19c CMakeFiles/FOC-DRV8323.elf.dir/Drivers/STM32F1xx_HAL_Driver/Src/stm32f1xx_hal_cortex.c.obj
 .debug_frame   0x00000a04      0x144 CMakeFiles/FOC-DRV8323.elf.dir/Drivers/STM32F1xx_HAL_Driver/Src/stm32f1xx_hal_dma.c.obj
 .debug_frame   0x00000b48       0xe4 CMakeFiles/FOC-DRV8323.elf.dir/Drivers/STM32F1xx_HAL_Driver/Src/stm32f1xx_hal_gpio.c.obj
 .debug_frame   0x00000c2c      0x984 CMakeFiles/FOC-DRV8323.elf.dir/Drivers/STM32F1xx_HAL_Driver/Src/stm32f1xx_hal_i2c.c.obj
 .debug_frame   0x000015b0      0x184 CMakeFiles/FOC-DRV8323.elf.dir/Drivers/STM32F1xx_HAL_Driver/Src/stm32f1xx_hal_rcc.c.obj
 .debug_frame   0x00001734       0x5c CMakeFiles/FOC-DRV8323.elf.dir/Drivers/STM32F1xx_HAL_Driver/Src/stm32f1xx_hal_rcc_ex.c.obj
 .debug_frame   0x00001790      0xb14 CMakeFiles/FOC-DRV8323.elf.dir/Drivers/STM32F1xx_HAL_Driver/Src/stm32f1xx_hal_tim.c.obj
 .debug_frame   0x000022a4      0x40c CMakeFiles/FOC-DRV8323.elf.dir/Drivers/STM32F1xx_HAL_Driver/Src/stm32f1xx_hal_tim_ex.c.obj
 .debug_frame   0x000026b0      0x5d4 CMakeFiles/FOC-DRV8323.elf.dir/Drivers/STM32F1xx_HAL_Driver/Src/stm32f1xx_hal_uart.c.obj
 .debug_frame   0x00002c84       0x68 CMakeFiles/FOC-DRV8323.elf.dir/Hardware/AS5600.c.obj
 .debug_frame   0x00002cec       0x28 CMakeFiles/FOC-DRV8323.elf.dir/Hardware/drv8323.c.obj
 .debug_frame   0x00002d14      0x158 CMakeFiles/FOC-DRV8323.elf.dir/Hardware/foc_ctrl.c.obj
 .debug_frame   0x00002e6c       0x60 CMakeFiles/FOC-DRV8323.elf.dir/Hardware/pid.c.obj
 .debug_frame   0x00002ecc       0xac d:/toolchain_supports/arm-gnu-toolchain-12.2.mpacbti-rel1-mingw-w64-i686-arm-none-eabi/bin/../lib/gcc/arm-none-eabi/12.2.1/thumb/v7-m/nofp\libgcc.a(_arm_addsubdf3.o)
 .debug_frame   0x00002f78       0x24 d:/toolchain_supports/arm-gnu-toolchain-12.2.mpacbti-rel1-mingw-w64-i686-arm-none-eabi/bin/../lib/gcc/arm-none-eabi/12.2.1/thumb/v7-m/nofp\libgcc.a(_arm_truncdfsf2.o)
 .debug_frame   0x00002f9c       0x4c d:/toolchain_supports/arm-gnu-toolchain-12.2.mpacbti-rel1-mingw-w64-i686-arm-none-eabi/bin/../lib/gcc/arm-none-eabi/12.2.1/thumb/v7-m/nofp\libgcc.a(_arm_addsubsf3.o)
 .debug_frame   0x00002fe8       0x38 d:/toolchain_supports/arm-gnu-toolchain-12.2.mpacbti-rel1-mingw-w64-i686-arm-none-eabi/bin/../lib/gcc/arm-none-eabi/12.2.1/thumb/v7-m/nofp\libgcc.a(_arm_muldivsf3.o)
 .debug_frame   0x00003020       0xc8 d:/toolchain_supports/arm-gnu-toolchain-12.2.mpacbti-rel1-mingw-w64-i686-arm-none-eabi/bin/../lib/gcc/arm-none-eabi/12.2.1/thumb/v7-m/nofp\libgcc.a(_arm_cmpsf2.o)
 .debug_frame   0x000030e8       0x24 d:/toolchain_supports/arm-gnu-toolchain-12.2.mpacbti-rel1-mingw-w64-i686-arm-none-eabi/bin/../lib/gcc/arm-none-eabi/12.2.1/thumb/v7-m/nofp\libgcc.a(_arm_fixunssfsi.o)
 .debug_frame   0x0000310c       0x2c d:/toolchain_supports/arm-gnu-toolchain-12.2.mpacbti-rel1-mingw-w64-i686-arm-none-eabi/bin/../lib/gcc/arm-none-eabi/12.2.1/thumb/v7-m/nofp\libg.a(libc_a-memset.o)
 .debug_frame   0x00003138       0x2c d:/toolchain_supports/arm-gnu-toolchain-12.2.mpacbti-rel1-mingw-w64-i686-arm-none-eabi/bin/../lib/gcc/arm-none-eabi/12.2.1/thumb/v7-m/nofp\libg.a(libc_a-init.o)
 .debug_frame   0x00003164       0xb0 d:/toolchain_supports/arm-gnu-toolchain-12.2.mpacbti-rel1-mingw-w64-i686-arm-none-eabi/bin/../lib/gcc/arm-none-eabi/12.2.1/thumb/v7-m/nofp\libg.a(libc_a-lock.o)
 .debug_frame   0x00003214       0x5c d:/toolchain_supports/arm-gnu-toolchain-12.2.mpacbti-rel1-mingw-w64-i686-arm-none-eabi/bin/../lib/gcc/arm-none-eabi/12.2.1/thumb/v7-m/nofp\libg.a(libc_a-__call_atexit.o)
 .debug_frame   0x00003270       0x20 d:/toolchain_supports/arm-gnu-toolchain-12.2.mpacbti-rel1-mingw-w64-i686-arm-none-eabi/bin/../lib/gcc/arm-none-eabi/12.2.1/thumb/v7-m/nofp\libg.a(libc_a-atexit.o)
 .debug_frame   0x00003290       0x34 d:/toolchain_supports/arm-gnu-toolchain-12.2.mpacbti-rel1-mingw-w64-i686-arm-none-eabi/bin/../lib/gcc/arm-none-eabi/12.2.1/thumb/v7-m/nofp\libg.a(libc_a-fini.o)
 .debug_frame   0x000032c4       0x34 d:/toolchain_supports/arm-gnu-toolchain-12.2.mpacbti-rel1-mingw-w64-i686-arm-none-eabi/bin/../lib/gcc/arm-none-eabi/12.2.1/thumb/v7-m/nofp\libg.a(libc_a-__atexit.o)
 .debug_frame   0x000032f8       0x48 d:/toolchain_supports/arm-gnu-toolchain-12.2.mpacbti-rel1-mingw-w64-i686-arm-none-eabi/bin/../lib/gcc/arm-none-eabi/12.2.1/thumb/v7-m/nofp\libm.a(libm_a-s_cos.o)
 .debug_frame   0x00003340       0x40 d:/toolchain_supports/arm-gnu-toolchain-12.2.mpacbti-rel1-mingw-w64-i686-arm-none-eabi/bin/../lib/gcc/arm-none-eabi/12.2.1/thumb/v7-m/nofp\libm.a(libm_a-s_sin.o)
 .debug_frame   0x00003380       0x4c d:/toolchain_supports/arm-gnu-toolchain-12.2.mpacbti-rel1-mingw-w64-i686-arm-none-eabi/bin/../lib/gcc/arm-none-eabi/12.2.1/thumb/v7-m/nofp\libm.a(libm_a-k_cos.o)
 .debug_frame   0x000033cc       0x48 d:/toolchain_supports/arm-gnu-toolchain-12.2.mpacbti-rel1-mingw-w64-i686-arm-none-eabi/bin/../lib/gcc/arm-none-eabi/12.2.1/thumb/v7-m/nofp\libm.a(libm_a-k_sin.o)
 .debug_frame   0x00003414       0x40 d:/toolchain_supports/arm-gnu-toolchain-12.2.mpacbti-rel1-mingw-w64-i686-arm-none-eabi/bin/../lib/gcc/arm-none-eabi/12.2.1/thumb/v7-m/nofp\libm.a(libm_a-e_rem_pio2.o)
 .debug_frame   0x00003454       0x20 d:/toolchain_supports/arm-gnu-toolchain-12.2.mpacbti-rel1-mingw-w64-i686-arm-none-eabi/bin/../lib/gcc/arm-none-eabi/12.2.1/thumb/v7-m/nofp\libm.a(libm_a-s_fabs.o)
 .debug_frame   0x00003474       0x58 d:/toolchain_supports/arm-gnu-toolchain-12.2.mpacbti-rel1-mingw-w64-i686-arm-none-eabi/bin/../lib/gcc/arm-none-eabi/12.2.1/thumb/v7-m/nofp\libm.a(libm_a-k_rem_pio2.o)
 .debug_frame   0x000034cc       0x30 d:/toolchain_supports/arm-gnu-toolchain-12.2.mpacbti-rel1-mingw-w64-i686-arm-none-eabi/bin/../lib/gcc/arm-none-eabi/12.2.1/thumb/v7-m/nofp\libm.a(libm_a-s_scalbn.o)
 .debug_frame   0x000034fc       0x30 d:/toolchain_supports/arm-gnu-toolchain-12.2.mpacbti-rel1-mingw-w64-i686-arm-none-eabi/bin/../lib/gcc/arm-none-eabi/12.2.1/thumb/v7-m/nofp\libm.a(libm_a-s_floor.o)
 .debug_frame   0x0000352c       0x30 d:/toolchain_supports/arm-gnu-toolchain-12.2.mpacbti-rel1-mingw-w64-i686-arm-none-eabi/bin/../lib/gcc/arm-none-eabi/12.2.1/thumb/v7-m/nofp\libgcc.a(_arm_muldf3.o)
 .debug_frame   0x0000355c       0xc4 d:/toolchain_supports/arm-gnu-toolchain-12.2.mpacbti-rel1-mingw-w64-i686-arm-none-eabi/bin/../lib/gcc/arm-none-eabi/12.2.1/thumb/v7-m/nofp\libgcc.a(_arm_cmpdf2.o)
 .debug_frame   0x00003620       0x24 d:/toolchain_supports/arm-gnu-toolchain-12.2.mpacbti-rel1-mingw-w64-i686-arm-none-eabi/bin/../lib/gcc/arm-none-eabi/12.2.1/thumb/v7-m/nofp\libgcc.a(_arm_fixdfsi.o)

.debug_line_str
                0x00000000      0x15a
 .debug_line_str
                0x00000000       0x73 CMakeFiles/FOC-DRV8323.elf.dir/Core/Startup/startup_stm32f103c8tx.s.obj
 .debug_line_str
                0x00000073       0xda d:/toolchain_supports/arm-gnu-toolchain-12.2.mpacbti-rel1-mingw-w64-i686-arm-none-eabi/bin/../lib/gcc/arm-none-eabi/12.2.1/thumb/v7-m/nofp\libgcc.a(_arm_addsubdf3.o)
 .debug_line_str
                0x0000014d       0xda d:/toolchain_supports/arm-gnu-toolchain-12.2.mpacbti-rel1-mingw-w64-i686-arm-none-eabi/bin/../lib/gcc/arm-none-eabi/12.2.1/thumb/v7-m/nofp\libgcc.a(_arm_truncdfsf2.o)
 .debug_line_str
                0x0000014d        0xd d:/toolchain_supports/arm-gnu-toolchain-12.2.mpacbti-rel1-mingw-w64-i686-arm-none-eabi/bin/../lib/gcc/arm-none-eabi/12.2.1/thumb/v7-m/nofp\libgcc.a(_arm_addsubsf3.o)
                                 0xda (size before relaxing)
 .debug_line_str